Archive member included to satisfy reference by file (symbol)

c:/st/stm32cubeide_1.7.0/stm32cubeide/plugins/com.st.stm32cube.ide.mcu.externaltools.gnu-tools-for-stm32.9-2020-q2-update.win32_2.0.0.202105311346/tools/bin/../lib/gcc/arm-none-eabi/9.3.1/../../../../arm-none-eabi/lib/thumb/v7e-m+fp/hard\libc_nano.a(lib_a-assert.o)
                              ./Core/Src/lfs.o (__assert_func)
c:/st/stm32cubeide_1.7.0/stm32cubeide/plugins/com.st.stm32cube.ide.mcu.externaltools.gnu-tools-for-stm32.9-2020-q2-update.win32_2.0.0.202105311346/tools/bin/../lib/gcc/arm-none-eabi/9.3.1/../../../../arm-none-eabi/lib/thumb/v7e-m+fp/hard\libc_nano.a(lib_a-errno.o)
                              ./Core/Src/syscalls.o (__errno)
c:/st/stm32cubeide_1.7.0/stm32cubeide/plugins/com.st.stm32cube.ide.mcu.externaltools.gnu-tools-for-stm32.9-2020-q2-update.win32_2.0.0.202105311346/tools/bin/../lib/gcc/arm-none-eabi/9.3.1/../../../../arm-none-eabi/lib/thumb/v7e-m+fp/hard\libc_nano.a(lib_a-exit.o)
                              c:/st/stm32cubeide_1.7.0/stm32cubeide/plugins/com.st.stm32cube.ide.mcu.externaltools.gnu-tools-for-stm32.9-2020-q2-update.win32_2.0.0.202105311346/tools/bin/../lib/gcc/arm-none-eabi/9.3.1/../../../../arm-none-eabi/lib/thumb/v7e-m+fp/hard/crt0.o (exit)
c:/st/stm32cubeide_1.7.0/stm32cubeide/plugins/com.st.stm32cube.ide.mcu.externaltools.gnu-tools-for-stm32.9-2020-q2-update.win32_2.0.0.202105311346/tools/bin/../lib/gcc/arm-none-eabi/9.3.1/../../../../arm-none-eabi/lib/thumb/v7e-m+fp/hard\libc_nano.a(lib_a-fprintf.o)
                              c:/st/stm32cubeide_1.7.0/stm32cubeide/plugins/com.st.stm32cube.ide.mcu.externaltools.gnu-tools-for-stm32.9-2020-q2-update.win32_2.0.0.202105311346/tools/bin/../lib/gcc/arm-none-eabi/9.3.1/../../../../arm-none-eabi/lib/thumb/v7e-m+fp/hard\libc_nano.a(lib_a-assert.o) (fiprintf)
c:/st/stm32cubeide_1.7.0/stm32cubeide/plugins/com.st.stm32cube.ide.mcu.externaltools.gnu-tools-for-stm32.9-2020-q2-update.win32_2.0.0.202105311346/tools/bin/../lib/gcc/arm-none-eabi/9.3.1/../../../../arm-none-eabi/lib/thumb/v7e-m+fp/hard\libc_nano.a(lib_a-impure.o)
                              c:/st/stm32cubeide_1.7.0/stm32cubeide/plugins/com.st.stm32cube.ide.mcu.externaltools.gnu-tools-for-stm32.9-2020-q2-update.win32_2.0.0.202105311346/tools/bin/../lib/gcc/arm-none-eabi/9.3.1/../../../../arm-none-eabi/lib/thumb/v7e-m+fp/hard\libc_nano.a(lib_a-exit.o) (_global_impure_ptr)
c:/st/stm32cubeide_1.7.0/stm32cubeide/plugins/com.st.stm32cube.ide.mcu.externaltools.gnu-tools-for-stm32.9-2020-q2-update.win32_2.0.0.202105311346/tools/bin/../lib/gcc/arm-none-eabi/9.3.1/../../../../arm-none-eabi/lib/thumb/v7e-m+fp/hard\libc_nano.a(lib_a-init.o)
                              c:/st/stm32cubeide_1.7.0/stm32cubeide/plugins/com.st.stm32cube.ide.mcu.externaltools.gnu-tools-for-stm32.9-2020-q2-update.win32_2.0.0.202105311346/tools/bin/../lib/gcc/arm-none-eabi/9.3.1/../../../../arm-none-eabi/lib/thumb/v7e-m+fp/hard/crt0.o (__libc_init_array)
c:/st/stm32cubeide_1.7.0/stm32cubeide/plugins/com.st.stm32cube.ide.mcu.externaltools.gnu-tools-for-stm32.9-2020-q2-update.win32_2.0.0.202105311346/tools/bin/../lib/gcc/arm-none-eabi/9.3.1/../../../../arm-none-eabi/lib/thumb/v7e-m+fp/hard\libc_nano.a(lib_a-malloc.o)
                              ./Core/Src/lfs.o (malloc)
c:/st/stm32cubeide_1.7.0/stm32cubeide/plugins/com.st.stm32cube.ide.mcu.externaltools.gnu-tools-for-stm32.9-2020-q2-update.win32_2.0.0.202105311346/tools/bin/../lib/gcc/arm-none-eabi/9.3.1/../../../../arm-none-eabi/lib/thumb/v7e-m+fp/hard\libc_nano.a(lib_a-memcmp.o)
                              ./Core/Src/lfs.o (memcmp)
c:/st/stm32cubeide_1.7.0/stm32cubeide/plugins/com.st.stm32cube.ide.mcu.externaltools.gnu-tools-for-stm32.9-2020-q2-update.win32_2.0.0.202105311346/tools/bin/../lib/gcc/arm-none-eabi/9.3.1/../../../../arm-none-eabi/lib/thumb/v7e-m+fp/hard\libc_nano.a(lib_a-memcpy-stub.o)
                              ./Core/Src/lfs.o (memcpy)
c:/st/stm32cubeide_1.7.0/stm32cubeide/plugins/com.st.stm32cube.ide.mcu.externaltools.gnu-tools-for-stm32.9-2020-q2-update.win32_2.0.0.202105311346/tools/bin/../lib/gcc/arm-none-eabi/9.3.1/../../../../arm-none-eabi/lib/thumb/v7e-m+fp/hard\libc_nano.a(lib_a-memset.o)
                              c:/st/stm32cubeide_1.7.0/stm32cubeide/plugins/com.st.stm32cube.ide.mcu.externaltools.gnu-tools-for-stm32.9-2020-q2-update.win32_2.0.0.202105311346/tools/bin/../lib/gcc/arm-none-eabi/9.3.1/../../../../arm-none-eabi/lib/thumb/v7e-m+fp/hard/crt0.o (memset)
c:/st/stm32cubeide_1.7.0/stm32cubeide/plugins/com.st.stm32cube.ide.mcu.externaltools.gnu-tools-for-stm32.9-2020-q2-update.win32_2.0.0.202105311346/tools/bin/../lib/gcc/arm-none-eabi/9.3.1/../../../../arm-none-eabi/lib/thumb/v7e-m+fp/hard\libc_nano.a(lib_a-nano-freer.o)
[...]
Memory Configuration

Name             Origin             Length             Attributes
CCMRAM           0x0000000010000000 0x0000000000010000 xrw
RAM              0x0000000020000000 0x0000000000030000 xrw
FLASH            0x0000000008000000 0x0000000000200000 xr
*default*        0x0000000000000000 0xffffffffffffffff

Linker script and memory map

LOAD c:/st/stm32cubeide_1.7.0/stm32cubeide/plugins/com.st.stm32cube.ide.mcu.externaltools.gnu-tools-for-stm32.9-2020-q2-update.win32_2.0.0.202105311346/tools/bin/../lib/gcc/arm-none-eabi/9.3.1/thumb/v7e-m+fp/hard/crti.o
LOAD c:/st/stm32cubeide_1.7.0/stm32cubeide/plugins/com.st.stm32cube.ide.mcu.externaltools.gnu-tools-for-stm32.9-2020-q2-update.win32_2.0.0.202105311346/tools/bin/../lib/gcc/arm-none-eabi/9.3.1/thumb/v7e-m+fp/hard/crtbegin.o
LOAD c:/st/stm32cubeide_1.7.0/stm32cubeide/plugins/com.st.stm32cube.ide.mcu.externaltools.gnu-tools-for-stm32.9-2020-q2-update.win32_2.0.0.202105311346/tools/bin/../lib/gcc/arm-none-eabi/9.3.1/../../../../arm-none-eabi/lib/thumb/v7e-m+fp/hard/crt0.o
LOAD ./Core/Src/MT25Q.o
LOAD ./Core/Src/lfs.o
LOAD ./Core/Src/lfs_util.o
LOAD ./Core/Src/main.o
LOAD ./Core/Src/nor.o
LOAD ./Core/Src/nor_ids.o
LOAD ./Core/Src/stm32f4xx_hal_msp.o
LOAD ./Core/Src/stm32f4xx_it.o
LOAD ./Core/Src/syscalls.o
LOAD ./Core/Src/sysmem.o
LOAD ./Core/Src/system_stm32f4xx.o
LOAD ./Core/Startup/startup_stm32f427aihx.o
LOAD ./Drivers/STM32F4xx_HAL_Driver/Src/stm32f4xx_hal.o
LOAD ./Drivers/STM32F4xx_HAL_Driver/Src/stm32f4xx_hal_cortex.o
LOAD ./Drivers/STM32F4xx_HAL_Driver/Src/stm32f4xx_hal_dma.o
LOAD ./Drivers/STM32F4xx_HAL_Driver/Src/stm32f4xx_hal_dma_ex.o
LOAD ./Drivers/STM32F4xx_HAL_Driver/Src/stm32f4xx_hal_exti.o
LOAD ./Drivers/STM32F4xx_HAL_Driver/Src/stm32f4xx_hal_flash.o
LOAD ./Drivers/STM32F4xx_HAL_Driver/Src/stm32f4xx_hal_flash_ex.o
LOAD ./Drivers/STM32F4xx_HAL_Driver/Src/stm32f4xx_hal_flash_ramfunc.o
LOAD ./Drivers/STM32F4xx_HAL_Driver/Src/stm32f4xx_hal_gpio.o
LOAD ./Drivers/STM32F4xx_HAL_Driver/Src/stm32f4xx_hal_pwr.o
LOAD ./Drivers/STM32F4xx_HAL_Driver/Src/stm32f4xx_hal_pwr_ex.o
LOAD ./Drivers/STM32F4xx_HAL_Driver/Src/stm32f4xx_hal_rcc.o
LOAD ./Drivers/STM32F4xx_HAL_Driver/Src/stm32f4xx_hal_rcc_ex.o
LOAD ./Drivers/STM32F4xx_HAL_Driver/Src/stm32f4xx_hal_spi.o
LOAD ./Drivers/STM32F4xx_HAL_Driver/Src/stm32f4xx_hal_tim.o
LOAD ./Drivers/STM32F4xx_HAL_Driver/Src/stm32f4xx_hal_tim_ex.o
LOAD ./Drivers/STM32F4xx_HAL_Driver/Src/stm32f4xx_hal_uart.o
START GROUP
LOAD c:/st/stm32cubeide_1.7.0/stm32cubeide/plugins/com.st.stm32cube.ide.mcu.externaltools.gnu-tools-for-stm32.9-2020-q2-update.win32_2.0.0.202105311346/tools/bin/../lib/gcc/arm-none-eabi/9.3.1/../../../../arm-none-eabi/lib/thumb/v7e-m+fp/hard\libc_nano.a
LOAD c:/st/stm32cubeide_1.7.0/stm32cubeide/plugins/com.st.stm32cube.ide.mcu.externaltools.gnu-tools-for-stm32.9-2020-q2-update.win32_2.0.0.202105311346/tools/bin/../lib/gcc/arm-none-eabi/9.3.1/../../../../arm-none-eabi/lib/thumb/v7e-m+fp/hard\libm.a
END GROUP
START GROUP
LOAD c:/st/stm32cubeide_1.7.0/stm32cubeide/plugins/com.st.stm32cube.ide.mcu.externaltools.gnu-tools-for-stm32.9-2020-q2-update.win32_2.0.0.202105311346/tools/bin/../lib/gcc/arm-none-eabi/9.3.1/thumb/v7e-m+fp/hard\libgcc.a
LOAD c:/st/stm32cubeide_1.7.0/stm32cubeide/plugins/com.st.stm32cube.ide.mcu.externaltools.gnu-tools-for-stm32.9-2020-q2-update.win32_2.0.0.202105311346/tools/bin/../lib/gcc/arm-none-eabi/9.3.1/../../../../arm-none-eabi/lib/thumb/v7e-m+fp/hard\libc_nano.a
END GROUP
START GROUP
LOAD c:/st/stm32cubeide_1.7.0/stm32cubeide/plugins/com.st.stm32cube.ide.mcu.externaltools.gnu-tools-for-stm32.9-2020-q2-update.win32_2.0.0.202105311346/tools/bin/../lib/gcc/arm-none-eabi/9.3.1/thumb/v7e-m+fp/hard\libgcc.a
LOAD c:/st/stm32cubeide_1.7.0/stm32cubeide/plugins/com.st.stm32cube.ide.mcu.externaltools.gnu-tools-for-stm32.9-2020-q2-update.win32_2.0.0.202105311346/tools/bin/../lib/gcc/arm-none-eabi/9.3.1/../../../../arm-none-eabi/lib/thumb/v7e-m+fp/hard\libc_nano.a
LOAD c:/st/stm32cubeide_1.7.0/stm32cubeide/plugins/com.st.stm32cube.ide.mcu.externaltools.gnu-tools-for-stm32.9-2020-q2-update.win32_2.0.0.202105311346/tools/bin/../lib/gcc/arm-none-eabi/9.3.1/../../../../arm-none-eabi/lib/thumb/v7e-m+fp/hard\libnosys.a
END GROUP
START GROUP
LOAD c:/st/stm32cubeide_1.7.0/stm32cubeide/plugins/com.st.stm32cube.ide.mcu.externaltools.gnu-tools-for-stm32.9-2020-q2-update.win32_2.0.0.202105311346/tools/bin/../lib/gcc/arm-none-eabi/9.3.1/thumb/v7e-m+fp/hard\libgcc.a
LOAD c:/st/stm32cubeide_1.7.0/stm32cubeide/plugins/com.st.stm32cube.ide.mcu.externaltools.gnu-tools-for-stm32.9-2020-q2-update.win32_2.0.0.202105311346/tools/bin/../lib/gcc/arm-none-eabi/9.3.1/../../../../arm-none-eabi/lib/thumb/v7e-m+fp/hard\libc_nano.a
LOAD c:/st/stm32cubeide_1.7.0/stm32cubeide/plugins/com.st.stm32cube.ide.mcu.externaltools.gnu-tools-for-stm32.9-2020-q2-update.win32_2.0.0.202105311346/tools/bin/../lib/gcc/arm-none-eabi/9.3.1/../../../../arm-none-eabi/lib/thumb/v7e-m+fp/hard\libnosys.a
END GROUP
LOAD c:/st/stm32cubeide_1.7.0/stm32cubeide/plugins/com.st.stm32cube.ide.mcu.externaltools.gnu-tools-for-stm32.9-2020-q2-update.win32_2.0.0.202105311346/tools/bin/../lib/gcc/arm-none-eabi/9.3.1/thumb/v7e-m+fp/hard/crtend.o
LOAD c:/st/stm32cubeide_1.7.0/stm32cubeide/plugins/com.st.stm32cube.ide.mcu.externaltools.gnu-tools-for-stm32.9-2020-q2-update.win32_2.0.0.202105311346/tools/bin/../lib/gcc/arm-none-eabi/9.3.1/thumb/v7e-m+fp/hard/crtn.o
                0x0000000020030000                _estack = (ORIGIN (RAM) + LENGTH (RAM))
                0x0000000000000200                _Min_Heap_Size = 0x200
                0x0000000000000400                _Min_Stack_Size = 0x400

.isr_vector     0x0000000008000000      0x1ac
                0x0000000008000000                . = ALIGN (0x4)
 *(.isr_vector)
 .isr_vector    0x0000000008000000      0x1ac ./Core/Startup/startup_stm32f427aihx.o
                0x0000000008000000                g_pfnVectors
                0x00000000080001ac                . = ALIGN (0x4)

.text           0x00000000080001b0     0xc1c4
                0x00000000080001b0                . = ALIGN (0x4)
 *(.text)
 .text          0x00000000080001b0       0x40 c:/st/stm32cubeide_1.7.0/stm32cubeide/plugins/com.st.stm32cube.ide.mcu.externaltools.gnu-tools-for-stm32.9-2020-q2-update.win32_2.0.0.202105311346/tools/bin/../lib/gcc/arm-none-eabi/9.3.1/thumb/v7e-m+fp/hard/crtbegin.o
 .text          0x00000000080001f0       0x10 c:/st/stm32cubeide_1.7.0/stm32cubeide/plugins/com.st.stm32cube.ide.mcu.externaltools.gnu-tools-for-stm32.9-2020-q2-update.win32_2.0.0.202105311346/tools/bin/../lib/gcc/arm-none-eabi/9.3.1/../../../../arm-none-eabi/lib/thumb/v7e-m+fp/hard\libc_nano.a(lib_a-strlen.o)
                0x00000000080001f0                strlen
 .text          0x0000000008000200       0xa0 c:/st/stm32cubeide_1.7.0/stm32cubeide/plugins/com.st.stm32cube.ide.mcu.externaltools.gnu-tools-for-stm32.9-2020-q2-update.win32_2.0.0.202105311346/tools/bin/../lib/gcc/arm-none-eabi/9.3.1/../../../../arm-none-eabi/lib/thumb/v7e-m+fp/hard\libc_nano.a(lib_a-memchr.o)
                0x0000000008000200                memchr
 .text          0x00000000080002a0       0x30 c:/st/stm32cubeide_1.7.0/stm32cubeide/plugins/com.st.stm32cube.ide.mcu.externaltools.gnu-tools-for-stm32.9-2020-q2-update.win32_2.0.0.202105311346/tools/bin/../lib/gcc/arm-none-eabi/9.3.1/thumb/v7e-m+fp/hard\libgcc.a(_aeabi_uldivmod.o)
                0x00000000080002a0                __aeabi_uldivmod
 .text          0x00000000080002d0       0x28 c:/st/stm32cubeide_1.7.0/stm32cubeide/plugins/com.st.stm32cube.ide.mcu.externaltools.gnu-tools-for-stm32.9-2020-q2-update.win32_2.0.0.202105311346/tools/bin/../lib/gcc/arm-none-eabi/9.3.1/thumb/v7e-m+fp/hard\libgcc.a(_popcountsi2.o)
                0x00000000080002d0                __popcountsi2
 .text          0x00000000080002f8      0x2c4 c:/st/stm32cubeide_1.7.0/stm32cubeide/plugins/com.st.stm32cube.ide.mcu.externaltools.gnu-tools-for-stm32.9-2020-q2-update.win32_2.0.0.202105311346/tools/bin/../lib/gcc/arm-none-eabi/9.3.1/thumb/v7e-m+fp/hard\libgcc.a(_udivmoddi4.o)
                0x00000000080002f8                __udivmoddi4
 .text          0x00000000080005bc        0x4 c:/st/stm32cubeide_1.7.0/stm32cubeide/plugins/com.st.stm32cube.ide.mcu.externaltools.gnu-tools-for-stm32.9-2020-q2-update.win32_2.0.0.202105311346/tools/bin/../lib/gcc/arm-none-eabi/9.3.1/thumb/v7e-m+fp/hard\libgcc.a(_dvmd_tls.o)
                0x00000000080005bc                __aeabi_idiv0
                0x00000000080005bc                __aeabi_ldiv0
 *(.text*)
 .text.lfs_max  0x00000000080005c0       0x20 ./Core/Src/lfs.o
 .text.lfs_min  0x00000000080005e0       0x20 ./Core/Src/lfs.o
 .text.lfs_aligndown
                0x0000000008000600       0x2a ./Core/Src/lfs.o
 .text.lfs_alignup
                0x000000000800062a       0x24 ./Core/Src/lfs.o
 .text.lfs_npw2
                0x000000000800064e       0x20 ./Core/Src/lfs.o
 .text.lfs_ctz  0x000000000800066e       0x1e ./Core/Src/lfs.o
 .text.lfs_popc
                0x000000000800068c       0x18 ./Core/Src/lfs.o
 .text.lfs_scmp
                0x00000000080006a4       0x1c ./Core/Src/lfs.o
 .text.lfs_fromle32
                0x00000000080006c0       0x16 ./Core/Src/lfs.o
 .text.lfs_tole32
                0x00000000080006d6       0x18 ./Core/Src/lfs.o
 .text.lfs_frombe32
                0x00000000080006ee       0x18 ./Core/Src/lfs.o
 .text.lfs_tobe32
                0x0000000008000706       0x18 ./Core/Src/lfs.o
 .text.lfs_malloc
                0x000000000800071e       0x18 ./Core/Src/lfs.o
 .text.lfs_free
                0x0000000008000736       0x16 ./Core/Src/lfs.o
 .text.lfs_cache_drop
                0x000000000800074c       0x1e ./Core/Src/lfs.o
 .text.lfs_cache_zero
                0x000000000800076a       0x2c ./Core/Src/lfs.o
 *fill*         0x0000000008000796        0x2 
 .text.lfs_bd_read
                0x0000000008000798      0x298 ./Core/Src/lfs.o
 .text.lfs_bd_cmp
                0x0000000008000a30       0xa2 ./Core/Src/lfs.o
 .text.lfs_bd_crc
                0x0000000008000ad2       0x8c ./Core/Src/lfs.o
 *fill*         0x0000000008000b5e        0x2 
 .text.lfs_bd_flush
                0x0000000008000b60       0xf4 ./Core/Src/lfs.o
 .text.lfs_bd_sync
                0x0000000008000c54       0x68 ./Core/Src/lfs.o
 .text.lfs_bd_prog
                0x0000000008000cbc      0x158 ./Core/Src/lfs.o
 .text.lfs_bd_erase
                0x0000000008000e14       0x64 ./Core/Src/lfs.o
 .text.lfs_pair_swap
                0x0000000008000e78       0x2a ./Core/Src/lfs.o
 .text.lfs_pair_isnull
                0x0000000008000ea2       0x36 ./Core/Src/lfs.o
 .text.lfs_pair_cmp
                0x0000000008000ed8       0x54 ./Core/Src/lfs.o
 .text.lfs_pair_issync
                0x0000000008000f2c       0x5a ./Core/Src/lfs.o
 .text.lfs_pair_fromle32
                0x0000000008000f86       0x34 ./Core/Src/lfs.o
 .text.lfs_pair_tole32
                0x0000000008000fba       0x34 ./Core/Src/lfs.o
 .text.lfs_tag_isvalid
                0x0000000008000fee       0x1c ./Core/Src/lfs.o
 .text.lfs_tag_isdelete
                0x000000000800100a       0x26 ./Core/Src/lfs.o
 .text.lfs_tag_type1
                0x0000000008001030       0x20 ./Core/Src/lfs.o
 .text.lfs_tag_type2
                0x0000000008001050       0x20 ./Core/Src/lfs.o
 .text.lfs_tag_type3
                0x0000000008001070       0x20 ./Core/Src/lfs.o
 .text.lfs_tag_chunk
                0x0000000008001090       0x1a ./Core/Src/lfs.o
 .text.lfs_tag_splice
                0x00000000080010aa       0x1a ./Core/Src/lfs.o
 .text.lfs_tag_id
                0x00000000080010c4       0x20 ./Core/Src/lfs.o
 .text.lfs_tag_size
                0x00000000080010e4       0x1a ./Core/Src/lfs.o
 .text.lfs_tag_dsize
                0x00000000080010fe       0x28 ./Core/Src/lfs.o
 .text.lfs_gstate_xor
                0x0000000008001126       0x4a ./Core/Src/lfs.o
 .text.lfs_gstate_iszero
                0x0000000008001170       0x3a ./Core/Src/lfs.o
 .text.lfs_gstate_hasorphans
                0x00000000080011aa       0x26 ./Core/Src/lfs.o
 .text.lfs_gstate_getorphans
                0x00000000080011d0       0x1e ./Core/Src/lfs.o
 .text.lfs_gstate_hasmove
                0x00000000080011ee       0x26 ./Core/Src/lfs.o
 .text.lfs_gstate_needssuperblock
                0x0000000008001214       0x28 ./Core/Src/lfs.o
 .text.lfs_gstate_hasmovehere
                0x000000000800123c       0x40 ./Core/Src/lfs.o
 .text.lfs_gstate_fromle32
                0x000000000800127c       0x40 ./Core/Src/lfs.o
 .text.lfs_gstate_tole32
                0x00000000080012bc       0x40 ./Core/Src/lfs.o
 .text.lfs_fcrc_fromle32
                0x00000000080012fc       0x30 ./Core/Src/lfs.o
 .text.lfs_fcrc_tole32
                0x000000000800132c       0x30 ./Core/Src/lfs.o
 .text.lfs_ctz_fromle32
                0x000000000800135c       0x30 ./Core/Src/lfs.o
 .text.lfs_ctz_tole32
                0x000000000800138c       0x30 ./Core/Src/lfs.o
 .text.lfs_superblock_fromle32
                0x00000000080013bc       0x70 ./Core/Src/lfs.o
 .text.lfs_superblock_tole32
                0x000000000800142c       0x70 ./Core/Src/lfs.o
 .text.lfs_mlist_isopen
                0x000000000800149c       0x3a ./Core/Src/lfs.o
 .text.lfs_mlist_remove
                0x00000000080014d6       0x44 ./Core/Src/lfs.o
 .text.lfs_mlist_append
                0x000000000800151a       0x24 ./Core/Src/lfs.o
 *fill*         0x000000000800153e        0x2 
 .text.lfs_fs_disk_version
                0x0000000008001540       0x1c ./Core/Src/lfs.o
 .text.lfs_fs_disk_version_major
                0x000000000800155c       0x1c ./Core/Src/lfs.o
 .text.lfs_fs_disk_version_minor
                0x0000000008001578       0x1a ./Core/Src/lfs.o
 .text.lfs_alloc_lookahead
                0x0000000008001592       0x6a ./Core/Src/lfs.o
 .text.lfs_alloc_ack
                0x00000000080015fc       0x1c ./Core/Src/lfs.o
 .text.lfs_alloc_drop
                0x0000000008001618       0x22 ./Core/Src/lfs.o
 *fill*         0x000000000800163a        0x2 
 .text.lfs_fs_rawgc
                0x000000000800163c       0x84 ./Core/Src/lfs.o
 .text.lfs_alloc
                0x00000000080016c0      0x104 ./Core/Src/lfs.o
 .text.lfs_dir_getslice
                0x00000000080017c4      0x1cc ./Core/Src/lfs.o
 .text.lfs_dir_get
                0x0000000008001990       0x36 ./Core/Src/lfs.o
 .text.lfs_dir_getread
                0x00000000080019c6      0x1b6 ./Core/Src/lfs.o
 .text.lfs_dir_traverse_filter
                0x0000000008001b7c       0xb8 ./Core/Src/lfs.o
 .text.lfs_dir_traverse
                0x0000000008001c34      0x820 ./Core/Src/lfs.o
 .text.lfs_dir_fetchmatch
                0x0000000008002454      0x790 ./Core/Src/lfs.o
 .text.lfs_dir_fetch
                0x0000000008002be4       0x36 ./Core/Src/lfs.o
 *fill*         0x0000000008002c1a        0x2 
 .text.lfs_dir_getgstate
                0x0000000008002c1c       0x64 ./Core/Src/lfs.o
 .text.lfs_dir_find_match
                0x0000000008002c80       0x92 ./Core/Src/lfs.o
 *fill*         0x0000000008002d12        0x2 
 .text.lfs_dir_find
                0x0000000008002d14      0x1f4 ./Core/Src/lfs.o
 .text.lfs_dir_commitprog
                0x0000000008002f08       0x6c ./Core/Src/lfs.o
 .text.lfs_dir_commitattr
                0x0000000008002f74      0x100 ./Core/Src/lfs.o
 .text.lfs_dir_commitcrc
                0x0000000008003074      0x2e0 ./Core/Src/lfs.o
 .text.lfs_dir_alloc
                0x0000000008003354       0xf2 ./Core/Src/lfs.o
 .text.lfs_dir_split
                0x0000000008003446       0xa8 ./Core/Src/lfs.o
 .text.lfs_dir_commit_size
                0x00000000080034ee       0x2c ./Core/Src/lfs.o
 .text.lfs_dir_commit_commit
                0x000000000800351a       0x2a ./Core/Src/lfs.o
 .text.lfs_dir_needsrelocation
                0x0000000008003544       0x4c ./Core/Src/lfs.o
 .text.lfs_dir_compact
                0x0000000008003590      0x3ec ./Core/Src/lfs.o
 .text.lfs_dir_splittingcompact
                0x000000000800397c      0x22c ./Core/Src/lfs.o
 .text.lfs_dir_relocatingcommit
                0x0000000008003ba8      0x568 ./Core/Src/lfs.o
 .text.lfs_dir_orphaningcommit
                0x0000000008004110      0x5f4 ./Core/Src/lfs.o
 .text.lfs_dir_commit
                0x0000000008004704       0x4a ./Core/Src/lfs.o
 .text.lfs_ctz_index
                0x000000000800474e       0x70 ./Core/Src/lfs.o
 .text.lfs_ctz_find
                0x00000000080047be       0xd6 ./Core/Src/lfs.o
 .text.lfs_ctz_extend
                0x0000000008004894      0x210 ./Core/Src/lfs.o
 .text.lfs_ctz_traverse
                0x0000000008004aa4       0xfc ./Core/Src/lfs.o
 .text.lfs_file_rawopencfg
                0x0000000008004ba0      0x3a0 ./Core/Src/lfs.o
 .text.lfs_file_rawopen
                0x0000000008004f40       0x30 ./Core/Src/lfs.o
 .text.lfs_file_rawclose
                0x0000000008004f70       0x3a ./Core/Src/lfs.o
 *fill*         0x0000000008004faa        0x2 
 .text.lfs_file_relocate
                0x0000000008004fac      0x1b4 ./Core/Src/lfs.o
 .text.lfs_file_outline
                0x0000000008005160       0x42 ./Core/Src/lfs.o
 *fill*         0x00000000080051a2        0x2 
 .text.lfs_file_flush
                0x00000000080051a4      0x1a8 ./Core/Src/lfs.o
 .text.lfs_file_rawsync
                0x000000000800534c      0x118 ./Core/Src/lfs.o
 .text.lfs_file_flushedread
                0x0000000008005464      0x1a4 ./Core/Src/lfs.o
 .text.lfs_file_rawread
                0x0000000008005608       0x6c ./Core/Src/lfs.o
 .text.lfs_file_flushedwrite
                0x0000000008005674      0x252 ./Core/Src/lfs.o
 *fill*         0x00000000080058c6        0x2 
 .text.lfs_file_rawwrite
                0x00000000080058c8      0x108 ./Core/Src/lfs.o
 .text.lfs_init
                0x00000000080059d0      0x398 ./Core/Src/lfs.o
 .text.lfs_deinit
                0x0000000008005d68       0x4e ./Core/Src/lfs.o
 *fill*         0x0000000008005db6        0x2 
 .text.lfs_rawformat
                0x0000000008005db8      0x164 ./Core/Src/lfs.o
 .text.lfs_rawmount
                0x0000000008005f1c      0x41c ./Core/Src/lfs.o
 .text.lfs_rawunmount
                0x0000000008006338       0x18 ./Core/Src/lfs.o
 .text.lfs_fs_rawtraverse
                0x0000000008006350      0x2a4 ./Core/Src/lfs.o
 .text.lfs_fs_pred
                0x00000000080065f4       0xe0 ./Core/Src/lfs.o
 .text.lfs_fs_parent_match
                0x00000000080066d4       0x84 ./Core/Src/lfs.o
 .text.lfs_fs_parent
                0x0000000008006758      0x104 ./Core/Src/lfs.o
 .text.lfs_fs_prepsuperblock
                0x000000000800685c       0x2a ./Core/Src/lfs.o
 *fill*         0x0000000008006886        0x2 
 .text.lfs_fs_preporphans
                0x0000000008006888       0xa0 ./Core/Src/lfs.o
 .text.lfs_fs_prepmove
                0x0000000008006928       0x74 ./Core/Src/lfs.o
 .text.lfs_fs_desuperblock
                0x000000000800699c       0xd8 ./Core/Src/lfs.o
 .text.lfs_fs_demove
                0x0000000008006a74       0xf8 ./Core/Src/lfs.o
 .text.lfs_fs_deorphan
                0x0000000008006b6c      0x360 ./Core/Src/lfs.o
 .text.lfs_fs_forceconsistency
                0x0000000008006ecc       0x4a ./Core/Src/lfs.o
 .text.lfs_fs_size_count
                0x0000000008006f16       0x26 ./Core/Src/lfs.o
 .text.lfs_fs_rawsize
                0x0000000008006f3c       0x34 ./Core/Src/lfs.o
 .text.lfs_format
                0x0000000008006f70       0x2c ./Core/Src/lfs.o
                0x0000000008006f70                lfs_format
 .text.lfs_mount
                0x0000000008006f9c       0x2c ./Core/Src/lfs.o
                0x0000000008006f9c                lfs_mount
 .text.lfs_file_open
                0x0000000008006fc8       0x68 ./Core/Src/lfs.o
                0x0000000008006fc8                lfs_file_open
 .text.lfs_file_close
                0x0000000008007030       0x58 ./Core/Src/lfs.o
                0x0000000008007030                lfs_file_close
 .text.lfs_file_read
                0x0000000008007088       0x60 ./Core/Src/lfs.o
                0x0000000008007088                lfs_file_read
 .text.lfs_file_write
                0x00000000080070e8       0x60 ./Core/Src/lfs.o
                0x00000000080070e8                lfs_file_write
 .text.lfs_crc  0x0000000008007148       0x7c ./Core/Src/lfs_util.o
                0x0000000008007148                lfs_crc
 .text.nor_delay_us
                0x00000000080071c4       0x18 ./Core/Src/main.o
                0x00000000080071c4                nor_delay_us
 .text.nor_cs_assert
                0x00000000080071dc       0x18 ./Core/Src/main.o
                0x00000000080071dc                nor_cs_assert
 .text.nor_cs_deassert
                0x00000000080071f4       0x18 ./Core/Src/main.o
                0x00000000080071f4                nor_cs_deassert
 .text.nor_spi_tx
                0x000000000800720c       0x30 ./Core/Src/main.o
                0x000000000800720c                nor_spi_tx
 .text.nor_spi_rx
                0x000000000800723c       0x30 ./Core/Src/main.o
                0x000000000800723c                nor_spi_rx
 .text.__init_nor
                0x000000000800726c       0x50 ./Core/Src/main.o
                0x000000000800726c                __init_nor
 .text._fs_read
                0x00000000080072bc       0x38 ./Core/Src/main.o
                0x00000000080072bc                _fs_read
 .text._fs_write
                0x00000000080072f4       0x38 ./Core/Src/main.o
                0x00000000080072f4                _fs_write
 .text._fs_erase
                0x000000000800732c       0x2c ./Core/Src/main.o
                0x000000000800732c                _fs_erase
 .text._fs_sync
                0x0000000008007358       0x16 ./Core/Src/main.o
                0x0000000008007358                _fs_sync
 *fill*         0x000000000800736e        0x2 
 .text.__init_littefs
                0x0000000008007370       0xa4 ./Core/Src/main.o
                0x0000000008007370                __init_littefs
 .text.__init_storage
                0x0000000008007414       0x10 ./Core/Src/main.o
                0x0000000008007414                __init_storage
 .text.main     0x0000000008007424       0xe8 ./Core/Src/main.o
                0x0000000008007424                main
 .text.SystemClock_Config
                0x000000000800750c       0xe0 ./Core/Src/main.o
                0x000000000800750c                SystemClock_Config
 .text.MX_SPI3_Init
                0x00000000080075ec       0x6c ./Core/Src/main.o
 .text.MX_UART7_Init
                0x0000000008007658       0x54 ./Core/Src/main.o
 .text.MX_DMA_Init
                0x00000000080076ac       0x50 ./Core/Src/main.o
 .text.MX_GPIO_Init
                0x00000000080076fc       0xf4 ./Core/Src/main.o
 .text.Error_Handler
                0x00000000080077f0        0xa ./Core/Src/main.o
                0x00000000080077f0                Error_Handler
 .text._nor_cs_assert
                0x00000000080077fa       0x16 ./Core/Src/nor.o
 .text._nor_cs_deassert
                0x0000000008007810       0x16 ./Core/Src/nor.o
 .text._nor_spi_tx
                0x0000000008007826       0x1e ./Core/Src/nor.o
 .text._nor_spi_rx
                0x0000000008007844       0x1e ./Core/Src/nor.o
 .text._nor_delay_us
                0x0000000008007862       0x1a ./Core/Src/nor.o
 .text._nor_ReadID
                0x000000000800787c       0x42 ./Core/Src/nor.o
 .text._nor_ReadUniqID
                0x00000000080078be       0x62 ./Core/Src/nor.o
 .text._nor_WriteEnable
                0x0000000008007920       0x2e ./Core/Src/nor.o
 .text._nor_ReadStatusRegister
                0x000000000800794e       0x84 ./Core/Src/nor.o
                0x000000000800794e                _nor_ReadStatusRegister
 .text._nor_WaitForWriteEnd
                0x00000000080079d2       0x78 ./Core/Src/nor.o
                0x00000000080079d2                _nor_WaitForWriteEnd
 .text.NOR_Init
                0x0000000008007a4a      0x17c ./Core/Src/nor.o
                0x0000000008007a4a                NOR_Init
 *fill*         0x0000000008007bc6        0x2 
 .text.NOR_EraseAddress
                0x0000000008007bc8       0xb4 ./Core/Src/nor.o
                0x0000000008007bc8                NOR_EraseAddress
 .text.NOR_EraseSector
                0x0000000008007c7c       0x48 ./Core/Src/nor.o
                0x0000000008007c7c                NOR_EraseSector
 .text.NOR_WriteBytes
                0x0000000008007cc4       0xe0 ./Core/Src/nor.o
                0x0000000008007cc4                NOR_WriteBytes
 .text.NOR_WriteSector
                0x0000000008007da4       0x70 ./Core/Src/nor.o
                0x0000000008007da4                NOR_WriteSector
 .text.NOR_ReadBytes
                0x0000000008007e14       0xdc ./Core/Src/nor.o
                0x0000000008007e14                NOR_ReadBytes
 .text.NOR_ReadSector
                0x0000000008007ef0       0x70 ./Core/Src/nor.o
                0x0000000008007ef0                NOR_ReadSector
 .text.NOR_IDS_Interpret_Manufacturer
                0x0000000008007f60       0x18 ./Core/Src/nor_ids.o
                0x0000000008007f60                NOR_IDS_Interpret_Manufacturer
 .text.NOR_IDS_Interpret_Model
                0x0000000008007f78       0x48 ./Core/Src/nor_ids.o
                0x0000000008007f78                NOR_IDS_Interpret_Model
 .text.NOR_IDS_GetQtdBlocks
                0x0000000008007fc0       0x60 ./Core/Src/nor_ids.o
                0x0000000008007fc0                NOR_IDS_GetQtdBlocks
 .text.HAL_MspInit
                0x0000000008008020       0x50 ./Core/Src/stm32f4xx_hal_msp.o
                0x0000000008008020                HAL_MspInit
 .text.HAL_SPI_MspInit
                0x0000000008008070      0x1a8 ./Core/Src/stm32f4xx_hal_msp.o
                0x0000000008008070                HAL_SPI_MspInit
 .text.HAL_UART_MspInit
                0x0000000008008218       0x90 ./Core/Src/stm32f4xx_hal_msp.o
                0x0000000008008218                HAL_UART_MspInit
 .text.NMI_Handler
                0x00000000080082a8        0x6 ./Core/Src/stm32f4xx_it.o
                0x00000000080082a8                NMI_Handler
 .text.HardFault_Handler
                0x00000000080082ae        0x6 ./Core/Src/stm32f4xx_it.o
                0x00000000080082ae                HardFault_Handler
 .text.MemManage_Handler
                0x00000000080082b4        0x6 ./Core/Src/stm32f4xx_it.o
                0x00000000080082b4                MemManage_Handler
 .text.BusFault_Handler
                0x00000000080082ba        0x6 ./Core/Src/stm32f4xx_it.o
                0x00000000080082ba                BusFault_Handler
 .text.UsageFault_Handler
                0x00000000080082c0        0x6 ./Core/Src/stm32f4xx_it.o
                0x00000000080082c0                UsageFault_Handler
 .text.SVC_Handler
                0x00000000080082c6        0xe ./Core/Src/stm32f4xx_it.o
                0x00000000080082c6                SVC_Handler
 .text.DebugMon_Handler
                0x00000000080082d4        0xe ./Core/Src/stm32f4xx_it.o
                0x00000000080082d4                DebugMon_Handler
 .text.PendSV_Handler
                0x00000000080082e2        0xe ./Core/Src/stm32f4xx_it.o
                0x00000000080082e2                PendSV_Handler
 .text.SysTick_Handler
                0x00000000080082f0        0xc ./Core/Src/stm32f4xx_it.o
                0x00000000080082f0                SysTick_Handler
 .text.DMA1_Stream0_IRQHandler
                0x00000000080082fc       0x14 ./Core/Src/stm32f4xx_it.o
                0x00000000080082fc                DMA1_Stream0_IRQHandler
 .text.DMA1_Stream5_IRQHandler
                0x0000000008008310       0x14 ./Core/Src/stm32f4xx_it.o
                0x0000000008008310                DMA1_Stream5_IRQHandler
 .text.SPI3_IRQHandler
                0x0000000008008324       0x14 ./Core/Src/stm32f4xx_it.o
                0x0000000008008324                SPI3_IRQHandler
 .text._getpid  0x0000000008008338       0x10 ./Core/Src/syscalls.o
                0x0000000008008338                _getpid
 .text._kill    0x0000000008008348       0x20 ./Core/Src/syscalls.o
                0x0000000008008348                _kill
 .text._exit    0x0000000008008368       0x14 ./Core/Src/syscalls.o
                0x0000000008008368                _exit
 .text._read    0x000000000800837c       0x3a ./Core/Src/syscalls.o
                0x000000000800837c                _read
 .text._write   0x00000000080083b6       0x38 ./Core/Src/syscalls.o
                0x00000000080083b6                _write
 .text._close   0x00000000080083ee       0x18 ./Core/Src/syscalls.o
                0x00000000080083ee                _close
 .text._fstat   0x0000000008008406       0x20 ./Core/Src/syscalls.o
                0x0000000008008406                _fstat
 .text._isatty  0x0000000008008426       0x16 ./Core/Src/syscalls.o
                0x0000000008008426                _isatty
 .text._lseek   0x000000000800843c       0x1a ./Core/Src/syscalls.o
                0x000000000800843c                _lseek
 *fill*         0x0000000008008456        0x2 
 .text._sbrk    0x0000000008008458       0x6c ./Core/Src/sysmem.o
                0x0000000008008458                _sbrk
 .text.SystemInit
                0x00000000080084c4       0x24 ./Core/Src/system_stm32f4xx.o
                0x00000000080084c4                SystemInit
 .text.Reset_Handler
                0x00000000080084e8       0x50 ./Core/Startup/startup_stm32f427aihx.o
                0x00000000080084e8                Reset_Handler
 .text.Default_Handler
                0x0000000008008538        0x2 ./Core/Startup/startup_stm32f427aihx.o
                0x0000000008008538                RTC_Alarm_IRQHandler
                0x0000000008008538                HASH_RNG_IRQHandler
                0x0000000008008538                EXTI2_IRQHandler
                0x0000000008008538                TIM8_CC_IRQHandler
                0x0000000008008538                UART8_IRQHandler
                0x0000000008008538                SPI4_IRQHandler
                0x0000000008008538                TIM1_CC_IRQHandler
                0x0000000008008538                DMA2_Stream5_IRQHandler
                0x0000000008008538                PVD_IRQHandler
                0x0000000008008538                SDIO_IRQHandler
                0x0000000008008538                TAMP_STAMP_IRQHandler
                0x0000000008008538                CAN2_RX1_IRQHandler
                0x0000000008008538                EXTI3_IRQHandler
                0x0000000008008538                TIM8_TRG_COM_TIM14_IRQHandler
                0x0000000008008538                TIM1_UP_TIM10_IRQHandler
                0x0000000008008538                TIM8_UP_TIM13_IRQHandler
                0x0000000008008538                I2C3_ER_IRQHandler
                0x0000000008008538                EXTI0_IRQHandler
                0x0000000008008538                I2C2_EV_IRQHandler
                0x0000000008008538                DMA1_Stream2_IRQHandler
                0x0000000008008538                CAN1_RX0_IRQHandler
                0x0000000008008538                FPU_IRQHandler
                0x0000000008008538                OTG_HS_WKUP_IRQHandler
                0x0000000008008538                CAN2_SCE_IRQHandler
                0x0000000008008538                DMA2_Stream2_IRQHandler
                0x0000000008008538                SPI1_IRQHandler
                0x0000000008008538                TIM6_DAC_IRQHandler
                0x0000000008008538                TIM1_BRK_TIM9_IRQHandler
                0x0000000008008538                DCMI_IRQHandler
                0x0000000008008538                CAN2_RX0_IRQHandler
                0x0000000008008538                DMA2_Stream3_IRQHandler
                0x0000000008008538                USART6_IRQHandler
                0x0000000008008538                USART3_IRQHandler
                0x0000000008008538                CAN1_RX1_IRQHandler
                0x0000000008008538                UART5_IRQHandler
                0x0000000008008538                DMA2_Stream0_IRQHandler
                0x0000000008008538                TIM4_IRQHandler
                0x0000000008008538                I2C1_EV_IRQHandler
                0x0000000008008538                DMA1_Stream6_IRQHandler
                0x0000000008008538                DMA1_Stream1_IRQHandler
                0x0000000008008538                UART4_IRQHandler
                0x0000000008008538                TIM3_IRQHandler
                0x0000000008008538                RCC_IRQHandler
                0x0000000008008538                TIM8_BRK_TIM12_IRQHandler
                0x0000000008008538                Default_Handler
                0x0000000008008538                EXTI15_10_IRQHandler
                0x0000000008008538                ADC_IRQHandler
                0x0000000008008538                DMA1_Stream7_IRQHandler
                0x0000000008008538                SPI5_IRQHandler
                0x0000000008008538                TIM7_IRQHandler
                0x0000000008008538                CAN2_TX_IRQHandler
                0x0000000008008538                TIM5_IRQHandler
                0x0000000008008538                DMA2_Stream7_IRQHandler
                0x0000000008008538                I2C3_EV_IRQHandler
                0x0000000008008538                EXTI9_5_IRQHandler
                0x0000000008008538                RTC_WKUP_IRQHandler
                0x0000000008008538                ETH_WKUP_IRQHandler
                0x0000000008008538                SPI2_IRQHandler
                0x0000000008008538                OTG_HS_EP1_IN_IRQHandler
                0x0000000008008538                CAN1_TX_IRQHandler
                0x0000000008008538                EXTI4_IRQHandler
                0x0000000008008538                ETH_IRQHandler
                0x0000000008008538                OTG_HS_EP1_OUT_IRQHandler
                0x0000000008008538                WWDG_IRQHandler
                0x0000000008008538                SPI6_IRQHandler
                0x0000000008008538                TIM2_IRQHandler
                0x0000000008008538                OTG_FS_WKUP_IRQHandler
                0x0000000008008538                TIM1_TRG_COM_TIM11_IRQHandler
                0x0000000008008538                OTG_HS_IRQHandler
                0x0000000008008538                DMA2D_IRQHandler
                0x0000000008008538                EXTI1_IRQHandler
                0x0000000008008538                UART7_IRQHandler
                0x0000000008008538                USART2_IRQHandler
                0x0000000008008538                I2C2_ER_IRQHandler
                0x0000000008008538                DMA2_Stream1_IRQHandler
                0x0000000008008538                CAN1_SCE_IRQHandler
                0x0000000008008538                FLASH_IRQHandler
                0x0000000008008538                DMA2_Stream4_IRQHandler
                0x0000000008008538                USART1_IRQHandler
                0x0000000008008538                OTG_FS_IRQHandler
                0x0000000008008538                DMA1_Stream4_IRQHandler
                0x0000000008008538                I2C1_ER_IRQHandler
                0x0000000008008538                FMC_IRQHandler
                0x0000000008008538                DMA2_Stream6_IRQHandler
                0x0000000008008538                SAI1_IRQHandler
                0x0000000008008538                DMA1_Stream3_IRQHandler
 *fill*         0x000000000800853a        0x2 
 .text.HAL_Init
                0x000000000800853c       0x44 ./Drivers/STM32F4xx_HAL_Driver/Src/stm32f4xx_hal.o
                0x000000000800853c                HAL_Init
 .text.HAL_InitTick
                0x0000000008008580       0x60 ./Drivers/STM32F4xx_HAL_Driver/Src/stm32f4xx_hal.o
                0x0000000008008580                HAL_InitTick
 .text.HAL_IncTick
                0x00000000080085e0       0x28 ./Drivers/STM32F4xx_HAL_Driver/Src/stm32f4xx_hal.o
                0x00000000080085e0                HAL_IncTick
 .text.HAL_GetTick
                0x0000000008008608       0x18 ./Drivers/STM32F4xx_HAL_Driver/Src/stm32f4xx_hal.o
                0x0000000008008608                HAL_GetTick
 .text.HAL_Delay
                0x0000000008008620       0x48 ./Drivers/STM32F4xx_HAL_Driver/Src/stm32f4xx_hal.o
                0x0000000008008620                HAL_Delay
 .text.__NVIC_SetPriorityGrouping
                0x0000000008008668       0x48 ./Drivers/STM32F4xx_HAL_Driver/Src/stm32f4xx_hal_cortex.o
 .text.__NVIC_GetPriorityGrouping
                0x00000000080086b0       0x1c ./Drivers/STM32F4xx_HAL_Driver/Src/stm32f4xx_hal_cortex.o
 .text.__NVIC_EnableIRQ
                0x00000000080086cc       0x3c ./Drivers/STM32F4xx_HAL_Driver/Src/stm32f4xx_hal_cortex.o
 .text.__NVIC_SetPriority
                0x0000000008008708       0x54 ./Drivers/STM32F4xx_HAL_Driver/Src/stm32f4xx_hal_cortex.o
 .text.NVIC_EncodePriority
                0x000000000800875c       0x66 ./Drivers/STM32F4xx_HAL_Driver/Src/stm32f4xx_hal_cortex.o
 *fill*         0x00000000080087c2        0x2 
 .text.SysTick_Config
                0x00000000080087c4       0x44 ./Drivers/STM32F4xx_HAL_Driver/Src/stm32f4xx_hal_cortex.o
 .text.HAL_NVIC_SetPriorityGrouping
                0x0000000008008808       0x16 ./Drivers/STM32F4xx_HAL_Driver/Src/stm32f4xx_hal_cortex.o
                0x0000000008008808                HAL_NVIC_SetPriorityGrouping
 .text.HAL_NVIC_SetPriority
                0x000000000800881e       0x38 ./Drivers/STM32F4xx_HAL_Driver/Src/stm32f4xx_hal_cortex.o
                0x000000000800881e                HAL_NVIC_SetPriority
 .text.HAL_NVIC_EnableIRQ
                0x0000000008008856       0x1c ./Drivers/STM32F4xx_HAL_Driver/Src/stm32f4xx_hal_cortex.o
                0x0000000008008856                HAL_NVIC_EnableIRQ
 .text.HAL_SYSTICK_Config
                0x0000000008008872       0x18 ./Drivers/STM32F4xx_HAL_Driver/Src/stm32f4xx_hal_cortex.o
                0x0000000008008872                HAL_SYSTICK_Config
 *fill*         0x000000000800888a        0x2 
 .text.HAL_DMA_Init
                0x000000000800888c      0x15c ./Drivers/STM32F4xx_HAL_Driver/Src/stm32f4xx_hal_dma.o
                0x000000000800888c                HAL_DMA_Init
 .text.HAL_DMA_Abort_IT
                0x00000000080089e8       0x44 ./Drivers/STM32F4xx_HAL_Driver/Src/stm32f4xx_hal_dma.o
                0x00000000080089e8                HAL_DMA_Abort_IT
 .text.HAL_DMA_IRQHandler
                0x0000000008008a2c      0x314 ./Drivers/STM32F4xx_HAL_Driver/Src/stm32f4xx_hal_dma.o
                0x0000000008008a2c                HAL_DMA_IRQHandler
 .text.DMA_CalcBaseAndBitshift
                0x0000000008008d40       0x6c ./Drivers/STM32F4xx_HAL_Driver/Src/stm32f4xx_hal_dma.o
 .text.DMA_CheckFifoParam
                0x0000000008008dac       0xf8 ./Drivers/STM32F4xx_HAL_Driver/Src/stm32f4xx_hal_dma.o
 .text.HAL_GPIO_Init
                0x0000000008008ea4      0x358 ./Drivers/STM32F4xx_HAL_Driver/Src/stm32f4xx_hal_gpio.o
                0x0000000008008ea4                HAL_GPIO_Init
 .text.HAL_GPIO_WritePin
                0x00000000080091fc       0x32 ./Drivers/STM32F4xx_HAL_Driver/Src/stm32f4xx_hal_gpio.o
                0x00000000080091fc                HAL_GPIO_WritePin
 *fill*         0x000000000800922e        0x2 
 .text.HAL_PWREx_EnableOverDrive
                0x0000000008009230       0xa0 ./Drivers/STM32F4xx_HAL_Driver/Src/stm32f4xx_hal_pwr_ex.o
                0x0000000008009230                HAL_PWREx_EnableOverDrive
 .text.HAL_RCC_OscConfig
                0x00000000080092d0      0x4f0 ./Drivers/STM32F4xx_HAL_Driver/Src/stm32f4xx_hal_rcc.o
                0x00000000080092d0                HAL_RCC_OscConfig
 .text.HAL_RCC_ClockConfig
                0x00000000080097c0      0x1cc ./Drivers/STM32F4xx_HAL_Driver/Src/stm32f4xx_hal_rcc.o
                0x00000000080097c0                HAL_RCC_ClockConfig
 .text.HAL_RCC_GetSysClockFreq
                0x000000000800998c      0x16c ./Drivers/STM32F4xx_HAL_Driver/Src/stm32f4xx_hal_rcc.o
                0x000000000800998c                HAL_RCC_GetSysClockFreq
 .text.HAL_RCC_GetHCLKFreq
                0x0000000008009af8       0x18 ./Drivers/STM32F4xx_HAL_Driver/Src/stm32f4xx_hal_rcc.o
                0x0000000008009af8                HAL_RCC_GetHCLKFreq
 .text.HAL_RCC_GetPCLK1Freq
                0x0000000008009b10       0x28 ./Drivers/STM32F4xx_HAL_Driver/Src/stm32f4xx_hal_rcc.o
                0x0000000008009b10                HAL_RCC_GetPCLK1Freq
 .text.HAL_RCC_GetPCLK2Freq
                0x0000000008009b38       0x28 ./Drivers/STM32F4xx_HAL_Driver/Src/stm32f4xx_hal_rcc.o
                0x0000000008009b38                HAL_RCC_GetPCLK2Freq
 .text.HAL_SPI_Init
                0x0000000008009b60      0x112 ./Drivers/STM32F4xx_HAL_Driver/Src/stm32f4xx_hal_spi.o
                0x0000000008009b60                HAL_SPI_Init
 .text.HAL_SPI_Transmit
                0x0000000008009c72      0x278 ./Drivers/STM32F4xx_HAL_Driver/Src/stm32f4xx_hal_spi.o
                0x0000000008009c72                HAL_SPI_Transmit
 .text.HAL_SPI_Receive
                0x0000000008009eea      0x222 ./Drivers/STM32F4xx_HAL_Driver/Src/stm32f4xx_hal_spi.o
                0x0000000008009eea                HAL_SPI_Receive
 .text.HAL_SPI_TransmitReceive
                0x000000000800a10c      0x344 ./Drivers/STM32F4xx_HAL_Driver/Src/stm32f4xx_hal_spi.o
                0x000000000800a10c                HAL_SPI_TransmitReceive
 .text.HAL_SPI_IRQHandler
                0x000000000800a450      0x200 ./Drivers/STM32F4xx_HAL_Driver/Src/stm32f4xx_hal_spi.o
                0x000000000800a450                HAL_SPI_IRQHandler
 .text.HAL_SPI_ErrorCallback
                0x000000000800a650       0x14 ./Drivers/STM32F4xx_HAL_Driver/Src/stm32f4xx_hal_spi.o
                0x000000000800a650                HAL_SPI_ErrorCallback
 .text.SPI_DMAAbortOnError
                0x000000000800a664       0x28 ./Drivers/STM32F4xx_HAL_Driver/Src/stm32f4xx_hal_spi.o
 .text.SPI_WaitFlagStateUntilTimeout
                0x000000000800a68c      0x110 ./Drivers/STM32F4xx_HAL_Driver/Src/stm32f4xx_hal_spi.o
 .text.SPI_EndRxTransaction
                0x000000000800a79c       0xca ./Drivers/STM32F4xx_HAL_Driver/Src/stm32f4xx_hal_spi.o
 *fill*         0x000000000800a866        0x2 
 .text.SPI_EndRxTxTransaction
                0x000000000800a868       0x84 ./Drivers/STM32F4xx_HAL_Driver/Src/stm32f4xx_hal_spi.o
 .text.HAL_UART_Init
                0x000000000800a8ec       0x9a ./Drivers/STM32F4xx_HAL_Driver/Src/stm32f4xx_hal_uart.o
                0x000000000800a8ec                HAL_UART_Init
 .text.HAL_UART_Transmit
                0x000000000800a986      0x124 ./Drivers/STM32F4xx_HAL_Driver/Src/stm32f4xx_hal_uart.o
                0x000000000800a986                HAL_UART_Transmit
 .text.UART_WaitOnFlagUntilTimeout
                0x000000000800aaaa       0xdc ./Drivers/STM32F4xx_HAL_Driver/Src/stm32f4xx_hal_uart.o
 *fill*         0x000000000800ab86        0x2 
 .text.UART_SetConfig
                0x000000000800ab88      0x390 ./Drivers/STM32F4xx_HAL_Driver/Src/stm32f4xx_hal_uart.o
 .text.__assert_func
                0x000000000800af18       0x3c c:/st/stm32cubeide_1.7.0/stm32cubeide/plugins/com.st.stm32cube.ide.mcu.externaltools.gnu-tools-for-stm32.9-2020-q2-update.win32_2.0.0.202105311346/tools/bin/../lib/gcc/arm-none-eabi/9.3.1/../../../../arm-none-eabi/lib/thumb/v7e-m+fp/hard\libc_nano.a(lib_a-assert.o)
                0x000000000800af18                __assert_func
 .text.__errno  0x000000000800af54        0xc c:/st/stm32cubeide_1.7.0/stm32cubeide/plugins/com.st.stm32cube.ide.mcu.externaltools.gnu-tools-for-stm32.9-2020-q2-update.win32_2.0.0.202105311346/tools/bin/../lib/gcc/arm-none-eabi/9.3.1/../../../../arm-none-eabi/lib/thumb/v7e-m+fp/hard\libc_nano.a(lib_a-errno.o)
                0x000000000800af54                __errno
 .text.fprintf  0x000000000800af60       0x24 c:/st/stm32cubeide_1.7.0/stm32cubeide/plugins/com.st.stm32cube.ide.mcu.externaltools.gnu-tools-for-stm32.9-2020-q2-update.win32_2.0.0.202105311346/tools/bin/../lib/gcc/arm-none-eabi/9.3.1/../../../../arm-none-eabi/lib/thumb/v7e-m+fp/hard\libc_nano.a(lib_a-fprintf.o)
                0x000000000800af60                fiprintf
                0x000000000800af60                fprintf
 .text.__libc_init_array
                0x000000000800af84       0x48 c:/st/stm32cubeide_1.7.0/stm32cubeide/plugins/com.st.stm32cube.ide.mcu.externaltools.gnu-tools-for-stm32.9-2020-q2-update.win32_2.0.0.202105311346/tools/bin/../lib/gcc/arm-none-eabi/9.3.1/../../../../arm-none-eabi/lib/thumb/v7e-m+fp/hard\libc_nano.a(lib_a-init.o)
                0x000000000800af84                __libc_init_array
 .text.malloc   0x000000000800afcc       0x10 c:/st/stm32cubeide_1.7.0/stm32cubeide/plugins/com.st.stm32cube.ide.mcu.externaltools.gnu-tools-for-stm32.9-2020-q2-update.win32_2.0.0.202105311346/tools/bin/../lib/gcc/arm-none-eabi/9.3.1/../../../../arm-none-eabi/lib/thumb/v7e-m+fp/hard\libc_nano.a(lib_a-malloc.o)
                0x000000000800afcc                malloc
 .text.free     0x000000000800afdc       0x10 c:/st/stm32cubeide_1.7.0/stm32cubeide/plugins/com.st.stm32cube.ide.mcu.externaltools.gnu-tools-for-stm32.9-2020-q2-update.win32_2.0.0.202105311346/tools/bin/../lib/gcc/arm-none-eabi/9.3.1/../../../../arm-none-eabi/lib/thumb/v7e-m+fp/hard\libc_nano.a(lib_a-malloc.o)
                0x000000000800afdc                free
 .text.memcmp   0x000000000800afec       0x1c c:/st/stm32cubeide_1.7.0/stm32cubeide/plugins/com.st.stm32cube.ide.mcu.externaltools.gnu-tools-for-stm32.9-2020-q2-update.win32_2.0.0.202105311346/tools/bin/../lib/gcc/arm-none-eabi/9.3.1/../../../../arm-none-eabi/lib/thumb/v7e-m+fp/hard\libc_nano.a(lib_a-memcmp.o)
                0x000000000800afec                memcmp
 .text.memcpy   0x000000000800b008       0x1c c:/st/stm32cubeide_1.7.0/stm32cubeide/plugins/com.st.stm32cube.ide.mcu.externaltools.gnu-tools-for-stm32.9-2020-q2-update.win32_2.0.0.202105311346/tools/bin/../lib/gcc/arm-none-eabi/9.3.1/../../../../arm-none-eabi/lib/thumb/v7e-m+fp/hard\libc_nano.a(lib_a-memcpy-stub.o)
                0x000000000800b008                memcpy
 .text.memset   0x000000000800b024       0x10 c:/st/stm32cubeide_1.7.0/stm32cubeide/plugins/com.st.stm32cube.ide.mcu.externaltools.gnu-tools-for-stm32.9-2020-q2-update.win32_2.0.0.202105311346/tools/bin/../lib/gcc/arm-none-eabi/9.3.1/../../../../arm-none-eabi/lib/thumb/v7e-m+fp/hard\libc_nano.a(lib_a-memset.o)
                0x000000000800b024                memset
 .text._free_r  0x000000000800b034       0xa0 c:/st/stm32cubeide_1.7.0/stm32cubeide/plugins/com.st.stm32cube.ide.mcu.externaltools.gnu-tools-for-stm32.9-2020-q2-update.win32_2.0.0.202105311346/tools/bin/../lib/gcc/arm-none-eabi/9.3.1/../../../../arm-none-eabi/lib/thumb/v7e-m+fp/hard\libc_nano.a(lib_a-nano-freer.o)
                0x000000000800b034                _free_r
 .text._malloc_r
                0x000000000800b0d4       0xb4 c:/st/stm32cubeide_1.7.0/stm32cubeide/plugins/com.st.stm32cube.ide.mcu.externaltools.gnu-tools-for-stm32.9-2020-q2-update.win32_2.0.0.202105311346/tools/bin/../lib/gcc/arm-none-eabi/9.3.1/../../../../arm-none-eabi/lib/thumb/v7e-m+fp/hard\libc_nano.a(lib_a-nano-mallocr.o)
                0x000000000800b0d4                _malloc_r
 .text.__sfputc_r
                0x000000000800b188       0x2e c:/st/stm32cubeide_1.7.0/stm32cubeide/plugins/com.st.stm32cube.ide.mcu.externaltools.gnu-tools-for-stm32.9-2020-q2-update.win32_2.0.0.202105311346/tools/bin/../lib/gcc/arm-none-eabi/9.3.1/../../../../arm-none-eabi/lib/thumb/v7e-m+fp/hard\libc_nano.a(lib_a-nano-vfprintf.o)
 .text.__sfputs_r
                0x000000000800b1b6       0x24 c:/st/stm32cubeide_1.7.0/stm32cubeide/plugins/com.st.stm32cube.ide.mcu.externaltools.gnu-tools-for-stm32.9-2020-q2-update.win32_2.0.0.202105311346/tools/bin/../lib/gcc/arm-none-eabi/9.3.1/../../../../arm-none-eabi/lib/thumb/v7e-m+fp/hard\libc_nano.a(lib_a-nano-vfprintf.o)
                0x000000000800b1b6                __sfputs_r
 *fill*         0x000000000800b1da        0x2 
 .text._vfprintf_r
                0x000000000800b1dc      0x260 c:/st/stm32cubeide_1.7.0/stm32cubeide/plugins/com.st.stm32cube.ide.mcu.externaltools.gnu-tools-for-stm32.9-2020-q2-update.win32_2.0.0.202105311346/tools/bin/../lib/gcc/arm-none-eabi/9.3.1/../../../../arm-none-eabi/lib/thumb/v7e-m+fp/hard\libc_nano.a(lib_a-nano-vfprintf.o)
                0x000000000800b1dc                _vfprintf_r
                0x000000000800b1dc                _vfiprintf_r
 .text._printf_common
                0x000000000800b43c       0xda c:/st/stm32cubeide_1.7.0/stm32cubeide/plugins/com.st.stm32cube.ide.mcu.externaltools.gnu-tools-for-stm32.9-2020-q2-update.win32_2.0.0.202105311346/tools/bin/../lib/gcc/arm-none-eabi/9.3.1/../../../../arm-none-eabi/lib/thumb/v7e-m+fp/hard\libc_nano.a(lib_a-nano-vfprintf_i.o)
                0x000000000800b43c                _printf_common
 *fill*         0x000000000800b516        0x2 
 .text._printf_i
                0x000000000800b518      0x24c c:/st/stm32cubeide_1.7.0/stm32cubeide/plugins/com.st.stm32cube.ide.mcu.externaltools.gnu-tools-for-stm32.9-2020-q2-update.win32_2.0.0.202105311346/tools/bin/../lib/gcc/arm-none-eabi/9.3.1/../../../../arm-none-eabi/lib/thumb/v7e-m+fp/hard\libc_nano.a(lib_a-nano-vfprintf_i.o)
                0x000000000800b518                _printf_i
 .text.printf   0x000000000800b764       0x30 c:/st/stm32cubeide_1.7.0/stm32cubeide/plugins/com.st.stm32cube.ide.mcu.externaltools.gnu-tools-for-stm32.9-2020-q2-update.win32_2.0.0.202105311346/tools/bin/../lib/gcc/arm-none-eabi/9.3.1/../../../../arm-none-eabi/lib/thumb/v7e-m+fp/hard\libc_nano.a(lib_a-printf.o)
                0x000000000800b764                iprintf
                0x000000000800b764                printf
 .text._sbrk_r  0x000000000800b794       0x20 c:/st/stm32cubeide_1.7.0/stm32cubeide/plugins/com.st.stm32cube.ide.mcu.externaltools.gnu-tools-for-stm32.9-2020-q2-update.win32_2.0.0.202105311346/tools/bin/../lib/gcc/arm-none-eabi/9.3.1/../../../../arm-none-eabi/lib/thumb/v7e-m+fp/hard\libc_nano.a(lib_a-sbrkr.o)
                0x000000000800b794                _sbrk_r
 .text.sprintf  0x000000000800b7b4       0x40 c:/st/stm32cubeide_1.7.0/stm32cubeide/plugins/com.st.stm32cube.ide.mcu.externaltools.gnu-tools-for-stm32.9-2020-q2-update.win32_2.0.0.202105311346/tools/bin/../lib/gcc/arm-none-eabi/9.3.1/../../../../arm-none-eabi/lib/thumb/v7e-m+fp/hard\libc_nano.a(lib_a-sprintf.o)
                0x000000000800b7b4                siprintf
                0x000000000800b7b4                sprintf
 .text.strchr   0x000000000800b7f4       0x1a c:/st/stm32cubeide_1.7.0/stm32cubeide/plugins/com.st.stm32cube.ide.mcu.externaltools.gnu-tools-for-stm32.9-2020-q2-update.win32_2.0.0.202105311346/tools/bin/../lib/gcc/arm-none-eabi/9.3.1/../../../../arm-none-eabi/lib/thumb/v7e-m+fp/hard\libc_nano.a(lib_a-strchr.o)
                0x000000000800b7f4                strchr
 .text.strcspn  0x000000000800b80e       0x22 c:/st/stm32cubeide_1.7.0/stm32cubeide/plugins/com.st.stm32cube.ide.mcu.externaltools.gnu-tools-for-stm32.9-2020-q2-update.win32_2.0.0.202105311346/tools/bin/../lib/gcc/arm-none-eabi/9.3.1/../../../../arm-none-eabi/lib/thumb/v7e-m+fp/hard\libc_nano.a(lib_a-strcspn.o)
                0x000000000800b80e                strcspn
 .text.strspn   0x000000000800b830       0x20 c:/st/stm32cubeide_1.7.0/stm32cubeide/plugins/com.st.stm32cube.ide.mcu.externaltools.gnu-tools-for-stm32.9-2020-q2-update.win32_2.0.0.202105311346/tools/bin/../lib/gcc/arm-none-eabi/9.3.1/../../../../arm-none-eabi/lib/thumb/v7e-m+fp/hard\libc_nano.a(lib_a-strspn.o)
                0x000000000800b830                strspn
 .text.__swbuf_r
                0x000000000800b850       0xa4 c:/st/stm32cubeide_1.7.0/stm32cubeide/plugins/com.st.stm32cube.ide.mcu.externaltools.gnu-tools-for-stm32.9-2020-q2-update.win32_2.0.0.202105311346/tools/bin/../lib/gcc/arm-none-eabi/9.3.1/../../../../arm-none-eabi/lib/thumb/v7e-m+fp/hard\libc_nano.a(lib_a-wbuf.o)
                0x000000000800b850                __swbuf_r
 .text.__swsetup_r
                0x000000000800b8f4       0xdc c:/st/stm32cubeide_1.7.0/stm32cubeide/plugins/com.st.stm32cube.ide.mcu.externaltools.gnu-tools-for-stm32.9-2020-q2-update.win32_2.0.0.202105311346/tools/bin/../lib/gcc/arm-none-eabi/9.3.1/../../../../arm-none-eabi/lib/thumb/v7e-m+fp/hard\libc_nano.a(lib_a-wsetup.o)
                0x000000000800b8f4                __swsetup_r
 .text.abort    0x000000000800b9d0        0xe c:/st/stm32cubeide_1.7.0/stm32cubeide/plugins/com.st.stm32cube.ide.mcu.externaltools.gnu-tools-for-stm32.9-2020-q2-update.win32_2.0.0.202105311346/tools/bin/../lib/gcc/arm-none-eabi/9.3.1/../../../../arm-none-eabi/lib/thumb/v7e-m+fp/hard\libc_nano.a(lib_a-abort.o)
                0x000000000800b9d0                abort
 *fill*         0x000000000800b9de        0x2 
 .text.__sflush_r
                0x000000000800b9e0      0x10c c:/st/stm32cubeide_1.7.0/stm32cubeide/plugins/com.st.stm32cube.ide.mcu.externaltools.gnu-tools-for-stm32.9-2020-q2-update.win32_2.0.0.202105311346/tools/bin/../lib/gcc/arm-none-eabi/9.3.1/../../../../arm-none-eabi/lib/thumb/v7e-m+fp/hard\libc_nano.a(lib_a-fflush.o)
                0x000000000800b9e0                __sflush_r
 .text._fflush_r
                0x000000000800baec       0x78 c:/st/stm32cubeide_1.7.0/stm32cubeide/plugins/com.st.stm32cube.ide.mcu.externaltools.gnu-tools-for-stm32.9-2020-q2-update.win32_2.0.0.202105311346/tools/bin/../lib/gcc/arm-none-eabi/9.3.1/../../../../arm-none-eabi/lib/thumb/v7e-m+fp/hard\libc_nano.a(lib_a-fflush.o)
                0x000000000800baec                _fflush_r
 .text.std      0x000000000800bb64       0x48 c:/st/stm32cubeide_1.7.0/stm32cubeide/plugins/com.st.stm32cube.ide.mcu.externaltools.gnu-tools-for-stm32.9-2020-q2-update.win32_2.0.0.202105311346/tools/bin/../lib/gcc/arm-none-eabi/9.3.1/../../../../arm-none-eabi/lib/thumb/v7e-m+fp/hard\libc_nano.a(lib_a-findfp.o)
 .text._cleanup_r
                0x000000000800bbac        0xc c:/st/stm32cubeide_1.7.0/stm32cubeide/plugins/com.st.stm32cube.ide.mcu.externaltools.gnu-tools-for-stm32.9-2020-q2-update.win32_2.0.0.202105311346/tools/bin/../lib/gcc/arm-none-eabi/9.3.1/../../../../arm-none-eabi/lib/thumb/v7e-m+fp/hard\libc_nano.a(lib_a-findfp.o)
                0x000000000800bbac                _cleanup_r
 .text.__sfmoreglue
                0x000000000800bbb8       0x2c c:/st/stm32cubeide_1.7.0/stm32cubeide/plugins/com.st.stm32cube.ide.mcu.externaltools.gnu-tools-for-stm32.9-2020-q2-update.win32_2.0.0.202105311346/tools/bin/../lib/gcc/arm-none-eabi/9.3.1/../../../../arm-none-eabi/lib/thumb/v7e-m+fp/hard\libc_nano.a(lib_a-findfp.o)
                0x000000000800bbb8                __sfmoreglue
 .text.__sfp_lock_acquire
                0x000000000800bbe4        0xc c:/st/stm32cubeide_1.7.0/stm32cubeide/plugins/com.st.stm32cube.ide.mcu.externaltools.gnu-tools-for-stm32.9-2020-q2-update.win32_2.0.0.202105311346/tools/bin/../lib/gcc/arm-none-eabi/9.3.1/../../../../arm-none-eabi/lib/thumb/v7e-m+fp/hard\libc_nano.a(lib_a-findfp.o)
                0x000000000800bbe4                __sfp_lock_acquire
 .text.__sfp_lock_release
                0x000000000800bbf0        0xc c:/st/stm32cubeide_1.7.0/stm32cubeide/plugins/com.st.stm32cube.ide.mcu.externaltools.gnu-tools-for-stm32.9-2020-q2-update.win32_2.0.0.202105311346/tools/bin/../lib/gcc/arm-none-eabi/9.3.1/../../../../arm-none-eabi/lib/thumb/v7e-m+fp/hard\libc_nano.a(lib_a-findfp.o)
                0x000000000800bbf0                __sfp_lock_release
 .text.__sinit_lock_acquire
                0x000000000800bbfc        0xc c:/st/stm32cubeide_1.7.0/stm32cubeide/plugins/com.st.stm32cube.ide.mcu.externaltools.gnu-tools-for-stm32.9-2020-q2-update.win32_2.0.0.202105311346/tools/bin/../lib/gcc/arm-none-eabi/9.3.1/../../../../arm-none-eabi/lib/thumb/v7e-m+fp/hard\libc_nano.a(lib_a-findfp.o)
                0x000000000800bbfc                __sinit_lock_acquire
 .text.__sinit_lock_release
                0x000000000800bc08        0xc c:/st/stm32cubeide_1.7.0/stm32cubeide/plugins/com.st.stm32cube.ide.mcu.externaltools.gnu-tools-for-stm32.9-2020-q2-update.win32_2.0.0.202105311346/tools/bin/../lib/gcc/arm-none-eabi/9.3.1/../../../../arm-none-eabi/lib/thumb/v7e-m+fp/hard\libc_nano.a(lib_a-findfp.o)
                0x000000000800bc08                __sinit_lock_release
 .text.__sinit  0x000000000800bc14       0x70 c:/st/stm32cubeide_1.7.0/stm32cubeide/plugins/com.st.stm32cube.ide.mcu.externaltools.gnu-tools-for-stm32.9-2020-q2-update.win32_2.0.0.202105311346/tools/bin/../lib/gcc/arm-none-eabi/9.3.1/../../../../arm-none-eabi/lib/thumb/v7e-m+fp/hard\libc_nano.a(lib_a-findfp.o)
                0x000000000800bc14                __sinit
 .text.__sfp    0x000000000800bc84       0x8c c:/st/stm32cubeide_1.7.0/stm32cubeide/plugins/com.st.stm32cube.ide.mcu.externaltools.gnu-tools-for-stm32.9-2020-q2-update.win32_2.0.0.202105311346/tools/bin/../lib/gcc/arm-none-eabi/9.3.1/../../../../arm-none-eabi/lib/thumb/v7e-m+fp/hard\libc_nano.a(lib_a-findfp.o)
                0x000000000800bc84                __sfp
 .text._fwalk_reent
                0x000000000800bd10       0x3e c:/st/stm32cubeide_1.7.0/stm32cubeide/plugins/com.st.stm32cube.ide.mcu.externaltools.gnu-tools-for-stm32.9-2020-q2-update.win32_2.0.0.202105311346/tools/bin/../lib/gcc/arm-none-eabi/9.3.1/../../../../arm-none-eabi/lib/thumb/v7e-m+fp/hard\libc_nano.a(lib_a-fwalk.o)
                0x000000000800bd10                _fwalk_reent
 .text.__retarget_lock_init_recursive
                0x000000000800bd4e        0x2 c:/st/stm32cubeide_1.7.0/stm32cubeide/plugins/com.st.stm32cube.ide.mcu.externaltools.gnu-tools-for-stm32.9-2020-q2-update.win32_2.0.0.202105311346/tools/bin/../lib/gcc/arm-none-eabi/9.3.1/../../../../arm-none-eabi/lib/thumb/v7e-m+fp/hard\libc_nano.a(lib_a-lock.o)
                0x000000000800bd4e                __retarget_lock_init_recursive
 .text.__retarget_lock_acquire_recursive
                0x000000000800bd50        0x2 c:/st/stm32cubeide_1.7.0/stm32cubeide/plugins/com.st.stm32cube.ide.mcu.externaltools.gnu-tools-for-stm32.9-2020-q2-update.win32_2.0.0.202105311346/tools/bin/../lib/gcc/arm-none-eabi/9.3.1/../../../../arm-none-eabi/lib/thumb/v7e-m+fp/hard\libc_nano.a(lib_a-lock.o)
                0x000000000800bd50                __retarget_lock_acquire_recursive
 .text.__retarget_lock_release_recursive
                0x000000000800bd52        0x2 c:/st/stm32cubeide_1.7.0/stm32cubeide/plugins/com.st.stm32cube.ide.mcu.externaltools.gnu-tools-for-stm32.9-2020-q2-update.win32_2.0.0.202105311346/tools/bin/../lib/gcc/arm-none-eabi/9.3.1/../../../../arm-none-eabi/lib/thumb/v7e-m+fp/hard\libc_nano.a(lib_a-lock.o)
                0x000000000800bd52                __retarget_lock_release_recursive
 .text.__swhatbuf_r
                0x000000000800bd54       0x48 c:/st/stm32cubeide_1.7.0/stm32cubeide/plugins/com.st.stm32cube.ide.mcu.externaltools.gnu-tools-for-stm32.9-2020-q2-update.win32_2.0.0.202105311346/tools/bin/../lib/gcc/arm-none-eabi/9.3.1/../../../../arm-none-eabi/lib/thumb/v7e-m+fp/hard\libc_nano.a(lib_a-makebuf.o)
                0x000000000800bd54                __swhatbuf_r
 .text.__smakebuf_r
                0x000000000800bd9c       0x80 c:/st/stm32cubeide_1.7.0/stm32cubeide/plugins/com.st.stm32cube.ide.mcu.externaltools.gnu-tools-for-stm32.9-2020-q2-update.win32_2.0.0.202105311346/tools/bin/../lib/gcc/arm-none-eabi/9.3.1/../../../../arm-none-eabi/lib/thumb/v7e-m+fp/hard\libc_nano.a(lib_a-makebuf.o)
                0x000000000800bd9c                __smakebuf_r
 .text.memmove  0x000000000800be1c       0x34 c:/st/stm32cubeide_1.7.0/stm32cubeide/plugins/com.st.stm32cube.ide.mcu.externaltools.gnu-tools-for-stm32.9-2020-q2-update.win32_2.0.0.202105311346/tools/bin/../lib/gcc/arm-none-eabi/9.3.1/../../../../arm-none-eabi/lib/thumb/v7e-m+fp/hard\libc_nano.a(lib_a-memmove.o)
                0x000000000800be1c                memmove
 .text.__malloc_lock
                0x000000000800be50        0xc c:/st/stm32cubeide_1.7.0/stm32cubeide/plugins/com.st.stm32cube.ide.mcu.externaltools.gnu-tools-for-stm32.9-2020-q2-update.win32_2.0.0.202105311346/tools/bin/../lib/gcc/arm-none-eabi/9.3.1/../../../../arm-none-eabi/lib/thumb/v7e-m+fp/hard\libc_nano.a(lib_a-mlock.o)
                0x000000000800be50                __malloc_lock
 .text.__malloc_unlock
                0x000000000800be5c        0xc c:/st/stm32cubeide_1.7.0/stm32cubeide/plugins/com.st.stm32cube.ide.mcu.externaltools.gnu-tools-for-stm32.9-2020-q2-update.win32_2.0.0.202105311346/tools/bin/../lib/gcc/arm-none-eabi/9.3.1/../../../../arm-none-eabi/lib/thumb/v7e-m+fp/hard\libc_nano.a(lib_a-mlock.o)
                0x000000000800be5c                __malloc_unlock
 .text._realloc_r
                0x000000000800be68       0x4c c:/st/stm32cubeide_1.7.0/stm32cubeide/plugins/com.st.stm32cube.ide.mcu.externaltools.gnu-tools-for-stm32.9-2020-q2-update.win32_2.0.0.202105311346/tools/bin/../lib/gcc/arm-none-eabi/9.3.1/../../../../arm-none-eabi/lib/thumb/v7e-m+fp/hard\libc_nano.a(lib_a-nano-reallocr.o)
                0x000000000800be68                _realloc_r
 .text.__ssputs_r
                0x000000000800beb4       0xb6 c:/st/stm32cubeide_1.7.0/stm32cubeide/plugins/com.st.stm32cube.ide.mcu.externaltools.gnu-tools-for-stm32.9-2020-q2-update.win32_2.0.0.202105311346/tools/bin/../lib/gcc/arm-none-eabi/9.3.1/../../../../arm-none-eabi/lib/thumb/v7e-m+fp/hard\libc_nano.a(lib_a-nano-svfprintf.o)
                0x000000000800beb4                __ssputs_r
 *fill*         0x000000000800bf6a        0x2 
 .text._svfprintf_r
                0x000000000800bf6c      0x200 c:/st/stm32cubeide_1.7.0/stm32cubeide/plugins/com.st.stm32cube.ide.mcu.externaltools.gnu-tools-for-stm32.9-2020-q2-update.win32_2.0.0.202105311346/tools/bin/../lib/gcc/arm-none-eabi/9.3.1/../../../../arm-none-eabi/lib/thumb/v7e-m+fp/hard\libc_nano.a(lib_a-nano-svfprintf.o)
                0x000000000800bf6c                _svfiprintf_r
                0x000000000800bf6c                _svfprintf_r
 .text._raise_r
                0x000000000800c16c       0x50 c:/st/stm32cubeide_1.7.0/stm32cubeide/plugins/com.st.stm32cube.ide.mcu.externaltools.gnu-tools-for-stm32.9-2020-q2-update.win32_2.0.0.202105311346/tools/bin/../lib/gcc/arm-none-eabi/9.3.1/../../../../arm-none-eabi/lib/thumb/v7e-m+fp/hard\libc_nano.a(lib_a-signal.o)
                0x000000000800c16c                _raise_r
 .text.raise    0x000000000800c1bc       0x10 c:/st/stm32cubeide_1.7.0/stm32cubeide/plugins/com.st.stm32cube.ide.mcu.externaltools.gnu-tools-for-stm32.9-2020-q2-update.win32_2.0.0.202105311346/tools/bin/../lib/gcc/arm-none-eabi/9.3.1/../../../../arm-none-eabi/lib/thumb/v7e-m+fp/hard\libc_nano.a(lib_a-signal.o)
                0x000000000800c1bc                raise
 .text._kill_r  0x000000000800c1cc       0x24 c:/st/stm32cubeide_1.7.0/stm32cubeide/plugins/com.st.stm32cube.ide.mcu.externaltools.gnu-tools-for-stm32.9-2020-q2-update.win32_2.0.0.202105311346/tools/bin/../lib/gcc/arm-none-eabi/9.3.1/../../../../arm-none-eabi/lib/thumb/v7e-m+fp/hard\libc_nano.a(lib_a-signalr.o)
                0x000000000800c1cc                _kill_r
 .text._getpid_r
                0x000000000800c1f0        0x4 c:/st/stm32cubeide_1.7.0/stm32cubeide/plugins/com.st.stm32cube.ide.mcu.externaltools.gnu-tools-for-stm32.9-2020-q2-update.win32_2.0.0.202105311346/tools/bin/../lib/gcc/arm-none-eabi/9.3.1/../../../../arm-none-eabi/lib/thumb/v7e-m+fp/hard\libc_nano.a(lib_a-signalr.o)
                0x000000000800c1f0                _getpid_r
 .text.__sread  0x000000000800c1f4       0x22 c:/st/stm32cubeide_1.7.0/stm32cubeide/plugins/com.st.stm32cube.ide.mcu.externaltools.gnu-tools-for-stm32.9-2020-q2-update.win32_2.0.0.202105311346/tools/bin/../lib/gcc/arm-none-eabi/9.3.1/../../../../arm-none-eabi/lib/thumb/v7e-m+fp/hard\libc_nano.a(lib_a-stdio.o)
                0x000000000800c1f4                __sread
 .text.__swrite
                0x000000000800c216       0x38 c:/st/stm32cubeide_1.7.0/stm32cubeide/plugins/com.st.stm32cube.ide.mcu.externaltools.gnu-tools-for-stm32.9-2020-q2-update.win32_2.0.0.202105311346/tools/bin/../lib/gcc/arm-none-eabi/9.3.1/../../../../arm-none-eabi/lib/thumb/v7e-m+fp/hard\libc_nano.a(lib_a-stdio.o)
                0x000000000800c216                __swrite
 .text.__sseek  0x000000000800c24e       0x24 c:/st/stm32cubeide_1.7.0/stm32cubeide/plugins/com.st.stm32cube.ide.mcu.externaltools.gnu-tools-for-stm32.9-2020-q2-update.win32_2.0.0.202105311346/tools/bin/../lib/gcc/arm-none-eabi/9.3.1/../../../../arm-none-eabi/lib/thumb/v7e-m+fp/hard\libc_nano.a(lib_a-stdio.o)
                0x000000000800c24e                __sseek
 .text.__sclose
                0x000000000800c272        0x8 c:/st/stm32cubeide_1.7.0/stm32cubeide/plugins/com.st.stm32cube.ide.mcu.externaltools.gnu-tools-for-stm32.9-2020-q2-update.win32_2.0.0.202105311346/tools/bin/../lib/gcc/arm-none-eabi/9.3.1/../../../../arm-none-eabi/lib/thumb/v7e-m+fp/hard\libc_nano.a(lib_a-stdio.o)
                0x000000000800c272                __sclose
 *fill*         0x000000000800c27a        0x2 
 .text._write_r
                0x000000000800c27c       0x24 c:/st/stm32cubeide_1.7.0/stm32cubeide/plugins/com.st.stm32cube.ide.mcu.externaltools.gnu-tools-for-stm32.9-2020-q2-update.win32_2.0.0.202105311346/tools/bin/../lib/gcc/arm-none-eabi/9.3.1/../../../../arm-none-eabi/lib/thumb/v7e-m+fp/hard\libc_nano.a(lib_a-writer.o)
                0x000000000800c27c                _write_r
 .text._close_r
                0x000000000800c2a0       0x20 c:/st/stm32cubeide_1.7.0/stm32cubeide/plugins/com.st.stm32cube.ide.mcu.externaltools.gnu-tools-for-stm32.9-2020-q2-update.win32_2.0.0.202105311346/tools/bin/../lib/gcc/arm-none-eabi/9.3.1/../../../../arm-none-eabi/lib/thumb/v7e-m+fp/hard\libc_nano.a(lib_a-closer.o)
                0x000000000800c2a0                _close_r
 .text._fstat_r
                0x000000000800c2c0       0x24 c:/st/stm32cubeide_1.7.0/stm32cubeide/plugins/com.st.stm32cube.ide.mcu.externaltools.gnu-tools-for-stm32.9-2020-q2-update.win32_2.0.0.202105311346/tools/bin/../lib/gcc/arm-none-eabi/9.3.1/../../../../arm-none-eabi/lib/thumb/v7e-m+fp/hard\libc_nano.a(lib_a-fstatr.o)
                0x000000000800c2c0                _fstat_r
 .text._isatty_r
                0x000000000800c2e4       0x20 c:/st/stm32cubeide_1.7.0/stm32cubeide/plugins/com.st.stm32cube.ide.mcu.externaltools.gnu-tools-for-stm32.9-2020-q2-update.win32_2.0.0.202105311346/tools/bin/../lib/gcc/arm-none-eabi/9.3.1/../../../../arm-none-eabi/lib/thumb/v7e-m+fp/hard\libc_nano.a(lib_a-isattyr.o)
                0x000000000800c2e4                _isatty_r
 .text._lseek_r
                0x000000000800c304       0x24 c:/st/stm32cubeide_1.7.0/stm32cubeide/plugins/com.st.stm32cube.ide.mcu.externaltools.gnu-tools-for-stm32.9-2020-q2-update.win32_2.0.0.202105311346/tools/bin/../lib/gcc/arm-none-eabi/9.3.1/../../../../arm-none-eabi/lib/thumb/v7e-m+fp/hard\libc_nano.a(lib_a-lseekr.o)
                0x000000000800c304                _lseek_r
 .text._malloc_usable_size_r
                0x000000000800c328       0x10 c:/st/stm32cubeide_1.7.0/stm32cubeide/plugins/com.st.stm32cube.ide.mcu.externaltools.gnu-tools-for-stm32.9-2020-q2-update.win32_2.0.0.202105311346/tools/bin/../lib/gcc/arm-none-eabi/9.3.1/../../../../arm-none-eabi/lib/thumb/v7e-m+fp/hard\libc_nano.a(lib_a-nano-msizer.o)
                0x000000000800c328                _malloc_usable_size_r
 .text._read_r  0x000000000800c338       0x24 c:/st/stm32cubeide_1.7.0/stm32cubeide/plugins/com.st.stm32cube.ide.mcu.externaltools.gnu-tools-for-stm32.9-2020-q2-update.win32_2.0.0.202105311346/tools/bin/../lib/gcc/arm-none-eabi/9.3.1/../../../../arm-none-eabi/lib/thumb/v7e-m+fp/hard\libc_nano.a(lib_a-readr.o)
                0x000000000800c338                _read_r
 *(.glue_7)
 .glue_7        0x000000000800c35c        0x0 linker stubs
 *(.glue_7t)
 .glue_7t       0x000000000800c35c        0x0 linker stubs
 *(.eh_frame)
 .eh_frame      0x000000000800c35c        0x0 c:/st/stm32cubeide_1.7.0/stm32cubeide/plugins/com.st.stm32cube.ide.mcu.externaltools.gnu-tools-for-stm32.9-2020-q2-update.win32_2.0.0.202105311346/tools/bin/../lib/gcc/arm-none-eabi/9.3.1/thumb/v7e-m+fp/hard/crtbegin.o
 *(.init)
 .init          0x000000000800c35c        0x4 c:/st/stm32cubeide_1.7.0/stm32cubeide/plugins/com.st.stm32cube.ide.mcu.externaltools.gnu-tools-for-stm32.9-2020-q2-update.win32_2.0.0.202105311346/tools/bin/../lib/gcc/arm-none-eabi/9.3.1/thumb/v7e-m+fp/hard/crti.o
                0x000000000800c35c                _init
 .init          0x000000000800c360        0x8 c:/st/stm32cubeide_1.7.0/stm32cubeide/plugins/com.st.stm32cube.ide.mcu.externaltools.gnu-tools-for-stm32.9-2020-q2-update.win32_2.0.0.202105311346/tools/bin/../lib/gcc/arm-none-eabi/9.3.1/thumb/v7e-m+fp/hard/crtn.o
 *(.fini)
 .fini          0x000000000800c368        0x4 c:/st/stm32cubeide_1.7.0/stm32cubeide/plugins/com.st.stm32cube.ide.mcu.externaltools.gnu-tools-for-stm32.9-2020-q2-update.win32_2.0.0.202105311346/tools/bin/../lib/gcc/arm-none-eabi/9.3.1/thumb/v7e-m+fp/hard/crti.o
                0x000000000800c368                _fini
 .fini          0x000000000800c36c        0x8 c:/st/stm32cubeide_1.7.0/stm32cubeide/plugins/com.st.stm32cube.ide.mcu.externaltools.gnu-tools-for-stm32.9-2020-q2-update.win32_2.0.0.202105311346/tools/bin/../lib/gcc/arm-none-eabi/9.3.1/thumb/v7e-m+fp/hard/crtn.o
                0x000000000800c374                . = ALIGN (0x4)
                0x000000000800c374                _etext = .

.vfp11_veneer   0x000000000800c374        0x0
 .vfp11_veneer  0x000000000800c374        0x0 linker stubs

.v4_bx          0x000000000800c374        0x0
 .v4_bx         0x000000000800c374        0x0 linker stubs

.iplt           0x000000000800c374        0x0
 .iplt          0x000000000800c374        0x0 c:/st/stm32cubeide_1.7.0/stm32cubeide/plugins/com.st.stm32cube.ide.mcu.externaltools.gnu-tools-for-stm32.9-2020-q2-update.win32_2.0.0.202105311346/tools/bin/../lib/gcc/arm-none-eabi/9.3.1/thumb/v7e-m+fp/hard/crtbegin.o

.rodata         0x000000000800c374      0xd84
                0x000000000800c374                . = ALIGN (0x4)
 *(.rodata)
 .rodata        0x000000000800c374      0xaba ./Core/Src/lfs.o
 *fill*         0x000000000800ce2e        0x2 
 .rodata        0x000000000800ce30       0x41 ./Core/Src/main.o
 *(.rodata*)
 *fill*         0x000000000800ce71        0x3 
 .rodata.__func__.7685
                0x000000000800ce74        0xc ./Core/Src/lfs.o
 .rodata.__func__.7731
                0x000000000800ce80        0xd ./Core/Src/lfs.o
 *fill*         0x000000000800ce8d        0x3 
 .rodata.__func__.7742
                0x000000000800ce90        0xc ./Core/Src/lfs.o
 .rodata.__func__.7754
                0x000000000800ce9c        0xc ./Core/Src/lfs.o
 .rodata.__func__.7764
                0x000000000800cea8        0xd ./Core/Src/lfs.o
 *fill*         0x000000000800ceb5        0x3 
 .rodata.__func__.8125
                0x000000000800ceb8       0x11 ./Core/Src/lfs.o
 *fill*         0x000000000800cec9        0x3 
 .rodata.__func__.8356
                0x000000000800cecc       0x10 ./Core/Src/lfs.o
 .rodata.__func__.8395
                0x000000000800cedc       0x19 ./Core/Src/lfs.o
 *fill*         0x000000000800cef5        0x3 
 .rodata.__func__.8452
                0x000000000800cef8       0x18 ./Core/Src/lfs.o
 .rodata.defaults.8624
                0x000000000800cf10        0xc ./Core/Src/lfs.o
 .rodata.__func__.8696
                0x000000000800cf1c       0x11 ./Core/Src/lfs.o
 *fill*         0x000000000800cf2d        0x3 
 .rodata.__func__.8724
                0x000000000800cf30       0x12 ./Core/Src/lfs.o
 *fill*         0x000000000800cf42        0x2 
 .rodata.__func__.8857
                0x000000000800cf44        0x9 ./Core/Src/lfs.o
 *fill*         0x000000000800cf4d        0x3 
 .rodata.__func__.8870
                0x000000000800cf50        0xe ./Core/Src/lfs.o
 *fill*         0x000000000800cf5e        0x2 
 .rodata.__func__.8991
                0x000000000800cf60       0x13 ./Core/Src/lfs.o
 *fill*         0x000000000800cf73        0x1 
 .rodata.__func__.9008
                0x000000000800cf74        0xe ./Core/Src/lfs.o
 *fill*         0x000000000800cf82        0x2 
 .rodata.__func__.9131
                0x000000000800cf84        0xe ./Core/Src/lfs.o
 *fill*         0x000000000800cf92        0x2 
 .rodata.__func__.9146
                0x000000000800cf94        0xf ./Core/Src/lfs.o
 *fill*         0x000000000800cfa3        0x1 
 .rodata.__func__.9160
                0x000000000800cfa4        0xe ./Core/Src/lfs.o
 *fill*         0x000000000800cfb2        0x2 
 .rodata.__func__.9169
                0x000000000800cfb4        0xf ./Core/Src/lfs.o
 *fill*         0x000000000800cfc3        0x1 
 .rodata.rtable.7344
                0x000000000800cfc4       0x40 ./Core/Src/lfs_util.o
 .rodata.AHBPrescTable
                0x000000000800d004       0x10 ./Core/Src/system_stm32f4xx.o
                0x000000000800d004                AHBPrescTable
 .rodata.APBPrescTable
                0x000000000800d014        0x8 ./Core/Src/system_stm32f4xx.o
                0x000000000800d014                APBPrescTable
 .rodata.flagBitshiftOffset.8006
                0x000000000800d01c        0x8 ./Drivers/STM32F4xx_HAL_Driver/Src/stm32f4xx_hal_dma.o
 .rodata.__assert_func.str1.1
                0x000000000800d024       0x3c c:/st/stm32cubeide_1.7.0/stm32cubeide/plugins/com.st.stm32cube.ide.mcu.externaltools.gnu-tools-for-stm32.9-2020-q2-update.win32_2.0.0.202105311346/tools/bin/../lib/gcc/arm-none-eabi/9.3.1/../../../../arm-none-eabi/lib/thumb/v7e-m+fp/hard\libc_nano.a(lib_a-assert.o)
                                         0x3d (size before relaxing)
 .rodata._global_impure_ptr
                0x000000000800d060        0x4 c:/st/stm32cubeide_1.7.0/stm32cubeide/plugins/com.st.stm32cube.ide.mcu.externaltools.gnu-tools-for-stm32.9-2020-q2-update.win32_2.0.0.202105311346/tools/bin/../lib/gcc/arm-none-eabi/9.3.1/../../../../arm-none-eabi/lib/thumb/v7e-m+fp/hard\libc_nano.a(lib_a-impure.o)
                0x000000000800d060                _global_impure_ptr
 .rodata._vfprintf_r.str1.1
                0x000000000800d064       0x11 c:/st/stm32cubeide_1.7.0/stm32cubeide/plugins/com.st.stm32cube.ide.mcu.externaltools.gnu-tools-for-stm32.9-2020-q2-update.win32_2.0.0.202105311346/tools/bin/../lib/gcc/arm-none-eabi/9.3.1/../../../../arm-none-eabi/lib/thumb/v7e-m+fp/hard\libc_nano.a(lib_a-nano-vfprintf.o)
 .rodata._printf_i.str1.1
                0x000000000800d075       0x22 c:/st/stm32cubeide_1.7.0/stm32cubeide/plugins/com.st.stm32cube.ide.mcu.externaltools.gnu-tools-for-stm32.9-2020-q2-update.win32_2.0.0.202105311346/tools/bin/../lib/gcc/arm-none-eabi/9.3.1/../../../../arm-none-eabi/lib/thumb/v7e-m+fp/hard\libc_nano.a(lib_a-nano-vfprintf_i.o)
 *fill*         0x000000000800d097        0x1 
 .rodata.__sf_fake_stderr
                0x000000000800d098       0x20 c:/st/stm32cubeide_1.7.0/stm32cubeide/plugins/com.st.stm32cube.ide.mcu.externaltools.gnu-tools-for-stm32.9-2020-q2-update.win32_2.0.0.202105311346/tools/bin/../lib/gcc/arm-none-eabi/9.3.1/../../../../arm-none-eabi/lib/thumb/v7e-m+fp/hard\libc_nano.a(lib_a-findfp.o)
                0x000000000800d098                __sf_fake_stderr
 .rodata.__sf_fake_stdin
                0x000000000800d0b8       0x20 c:/st/stm32cubeide_1.7.0/stm32cubeide/plugins/com.st.stm32cube.ide.mcu.externaltools.gnu-tools-for-stm32.9-2020-q2-update.win32_2.0.0.202105311346/tools/bin/../lib/gcc/arm-none-eabi/9.3.1/../../../../arm-none-eabi/lib/thumb/v7e-m+fp/hard\libc_nano.a(lib_a-findfp.o)
                0x000000000800d0b8                __sf_fake_stdin
 .rodata.__sf_fake_stdout
                0x000000000800d0d8       0x20 c:/st/stm32cubeide_1.7.0/stm32cubeide/plugins/com.st.stm32cube.ide.mcu.externaltools.gnu-tools-for-stm32.9-2020-q2-update.win32_2.0.0.202105311346/tools/bin/../lib/gcc/arm-none-eabi/9.3.1/../../../../arm-none-eabi/lib/thumb/v7e-m+fp/hard\libc_nano.a(lib_a-findfp.o)
                0x000000000800d0d8                __sf_fake_stdout
 .rodata._svfprintf_r.str1.1
                0x000000000800d0f8       0x11 c:/st/stm32cubeide_1.7.0/stm32cubeide/plugins/com.st.stm32cube.ide.mcu.externaltools.gnu-tools-for-stm32.9-2020-q2-update.win32_2.0.0.202105311346/tools/bin/../lib/gcc/arm-none-eabi/9.3.1/../../../../arm-none-eabi/lib/thumb/v7e-m+fp/hard\libc_nano.a(lib_a-nano-svfprintf.o)
                0x000000000800d10c                . = ALIGN (0x4)

.ARM.extab      0x000000000800d0f8        0x0
                0x000000000800d0f8                . = ALIGN (0x4)
 *(.ARM.extab* .gnu.linkonce.armextab.*)
                0x000000000800d0f8                . = ALIGN (0x4)

.ARM            0x000000000800d0f8        0x8
                0x000000000800d0f8                . = ALIGN (0x4)
                0x000000000800d0f8                __exidx_start = .
 *(.ARM.exidx*)
 .ARM.exidx     0x000000000800d0f8        0x8 c:/st/stm32cubeide_1.7.0/stm32cubeide/plugins/com.st.stm32cube.ide.mcu.externaltools.gnu-tools-for-stm32.9-2020-q2-update.win32_2.0.0.202105311346/tools/bin/../lib/gcc/arm-none-eabi/9.3.1/thumb/v7e-m+fp/hard\libgcc.a(_udivmoddi4.o)
                0x000000000800d100                __exidx_end = .
                0x000000000800d100                . = ALIGN (0x4)

.rel.dyn        0x000000000800d100        0x0
 .rel.iplt      0x000000000800d100        0x0 c:/st/stm32cubeide_1.7.0/stm32cubeide/plugins/com.st.stm32cube.ide.mcu.externaltools.gnu-tools-for-stm32.9-2020-q2-update.win32_2.0.0.202105311346/tools/bin/../lib/gcc/arm-none-eabi/9.3.1/thumb/v7e-m+fp/hard/crtbegin.o

.preinit_array  0x000000000800d100        0x0
                0x000000000800d100                . = ALIGN (0x4)
                0x000000000800d100                PROVIDE (__preinit_array_start = .)
 *(.preinit_array*)
                0x000000000800d100                PROVIDE (__preinit_array_end = .)
                0x000000000800d100                . = ALIGN (0x4)

.init_array     0x000000000800d100        0x4
                0x000000000800d100                . = ALIGN (0x4)
                0x000000000800d100                PROVIDE (__init_array_start = .)
 *(SORT_BY_NAME(.init_array.*))
 *(.init_array*)
 .init_array    0x000000000800d100        0x4 c:/st/stm32cubeide_1.7.0/stm32cubeide/plugins/com.st.stm32cube.ide.mcu.externaltools.gnu-tools-for-stm32.9-2020-q2-update.win32_2.0.0.202105311346/tools/bin/../lib/gcc/arm-none-eabi/9.3.1/thumb/v7e-m+fp/hard/crtbegin.o
                0x000000000800d104                PROVIDE (__init_array_end = .)
                0x000000000800d104                . = ALIGN (0x4)

.fini_array     0x000000000800d104        0x4
                0x000000000800d104                . = ALIGN (0x4)
                [!provide]                        PROVIDE (__fini_array_start = .)
 *(SORT_BY_NAME(.fini_array.*))
 *(.fini_array*)
 .fini_array    0x000000000800d104        0x4 c:/st/stm32cubeide_1.7.0/stm32cubeide/plugins/com.st.stm32cube.ide.mcu.externaltools.gnu-tools-for-stm32.9-2020-q2-update.win32_2.0.0.202105311346/tools/bin/../lib/gcc/arm-none-eabi/9.3.1/thumb/v7e-m+fp/hard/crtbegin.o
                [!provide]                        PROVIDE (__fini_array_end = .)
                0x000000000800d108                . = ALIGN (0x4)
                0x000000000800d108                _sidata = LOADADDR (.data)

.data           0x0000000020000000       0x70 load address 0x000000000800d108
                0x0000000020000000                . = ALIGN (0x4)
                0x0000000020000000                _sdata = .
 *(.data)
 *(.data*)
 .data.SystemCoreClock
                0x0000000020000000        0x4 ./Core/Src/system_stm32f4xx.o
                0x0000000020000000                SystemCoreClock
 .data.uwTickPrio
                0x0000000020000004        0x4 ./Drivers/STM32F4xx_HAL_Driver/Src/stm32f4xx_hal.o
                0x0000000020000004                uwTickPrio
 .data.uwTickFreq
                0x0000000020000008        0x1 ./Drivers/STM32F4xx_HAL_Driver/Src/stm32f4xx_hal.o
                0x0000000020000008                uwTickFreq
 *fill*         0x0000000020000009        0x3 
 .data._impure_ptr
                0x000000002000000c        0x4 c:/st/stm32cubeide_1.7.0/stm32cubeide/plugins/com.st.stm32cube.ide.mcu.externaltools.gnu-tools-for-stm32.9-2020-q2-update.win32_2.0.0.202105311346/tools/bin/../lib/gcc/arm-none-eabi/9.3.1/../../../../arm-none-eabi/lib/thumb/v7e-m+fp/hard\libc_nano.a(lib_a-impure.o)
                0x000000002000000c                _impure_ptr
 .data.impure_data
                0x0000000020000010       0x60 c:/st/stm32cubeide_1.7.0/stm32cubeide/plugins/com.st.stm32cube.ide.mcu.externaltools.gnu-tools-for-stm32.9-2020-q2-update.win32_2.0.0.202105311346/tools/bin/../lib/gcc/arm-none-eabi/9.3.1/../../../../arm-none-eabi/lib/thumb/v7e-m+fp/hard\libc_nano.a(lib_a-impure.o)
 *(.RamFunc)
 *(.RamFunc*)
                0x0000000020000070                . = ALIGN (0x4)
                0x0000000020000070                _edata = .
                0x000000000800d178                _siccmram = LOADADDR (.ccmram)

.igot.plt       0x0000000020000070        0x0 load address 0x000000000800d178
 .igot.plt      0x0000000020000070        0x0 c:/st/stm32cubeide_1.7.0/stm32cubeide/plugins/com.st.stm32cube.ide.mcu.externaltools.gnu-tools-for-stm32.9-2020-q2-update.win32_2.0.0.202105311346/tools/bin/../lib/gcc/arm-none-eabi/9.3.1/thumb/v7e-m+fp/hard/crtbegin.o

.ccmram         0x0000000010000000        0x0 load address 0x000000000800d178
                0x0000000010000000                . = ALIGN (0x4)
                0x0000000010000000                _sccmram = .
 *(.ccmram)
 *(.ccmram*)
                0x0000000010000000                . = ALIGN (0x4)
                0x0000000010000000                _eccmram = .
                0x0000000010000000                . = ALIGN (0x4)

.bss            0x0000000020000070      0x324
                0x0000000020000070                _sbss = .
                0x0000000020000070                __bss_start__ = _sbss
 *(.bss)
 .bss           0x0000000020000070       0x1c c:/st/stm32cubeide_1.7.0/stm32cubeide/plugins/com.st.stm32cube.ide.mcu.externaltools.gnu-tools-for-stm32.9-2020-q2-update.win32_2.0.0.202105311346/tools/bin/../lib/gcc/arm-none-eabi/9.3.1/thumb/v7e-m+fp/hard/crtbegin.o
 *(.bss*)
 .bss.Counter   0x000000002000008c        0x8 ./Core/Src/main.o
                0x000000002000008c                Counter
 .bss.DmaEnd    0x0000000020000094        0x1 ./Core/Src/main.o
                0x0000000020000094                DmaEnd
 *fill*         0x0000000020000095        0x3 
 .bss.LfsConfig.10259
                0x0000000020000098       0x4c ./Core/Src/main.o
 .bss.__sbrk_heap_end
                0x00000000200000e4        0x4 ./Core/Src/sysmem.o
 .bss.__malloc_free_list
                0x00000000200000e8        0x4 c:/st/stm32cubeide_1.7.0/stm32cubeide/plugins/com.st.stm32cube.ide.mcu.externaltools.gnu-tools-for-stm32.9-2020-q2-update.win32_2.0.0.202105311346/tools/bin/../lib/gcc/arm-none-eabi/9.3.1/../../../../arm-none-eabi/lib/thumb/v7e-m+fp/hard\libc_nano.a(lib_a-nano-mallocr.o)
                0x00000000200000e8                __malloc_free_list
 .bss.__malloc_sbrk_start
                0x00000000200000ec        0x4 c:/st/stm32cubeide_1.7.0/stm32cubeide/plugins/com.st.stm32cube.ide.mcu.externaltools.gnu-tools-for-stm32.9-2020-q2-update.win32_2.0.0.202105311346/tools/bin/../lib/gcc/arm-none-eabi/9.3.1/../../../../arm-none-eabi/lib/thumb/v7e-m+fp/hard\libc_nano.a(lib_a-nano-mallocr.o)
                0x00000000200000ec                __malloc_sbrk_start
 *(COMMON)
 COMMON         0x00000000200000f0      0x290 ./Core/Src/main.o
                0x00000000200000f0                huart7
                0x0000000020000134                File
                0x0000000020000188                hspi3
                0x00000000200001e0                hdma_spi3_tx
                0x0000000020000240                Nor
                0x0000000020000290                Lfs
                0x000000002000030c                hdma_spi3_rx
                0x000000002000036c                Text
 COMMON         0x0000000020000380        0x4 ./Drivers/STM32F4xx_HAL_Driver/Src/stm32f4xx_hal.o
                0x0000000020000380                uwTick
 COMMON         0x0000000020000384        0x9 c:/st/stm32cubeide_1.7.0/stm32cubeide/plugins/com.st.stm32cube.ide.mcu.externaltools.gnu-tools-for-stm32.9-2020-q2-update.win32_2.0.0.202105311346/tools/bin/../lib/gcc/arm-none-eabi/9.3.1/../../../../arm-none-eabi/lib/thumb/v7e-m+fp/hard\libc_nano.a(lib_a-lock.o)
                0x0000000020000384                __lock___atexit_recursive_mutex
                0x0000000020000385                __lock___arc4random_mutex
                0x0000000020000386                __lock___env_recursive_mutex
                0x0000000020000387                __lock___sinit_recursive_mutex
                0x0000000020000388                __lock___malloc_recursive_mutex
                0x0000000020000389                __lock___at_quick_exit_mutex
                0x000000002000038a                __lock___dd_hash_mutex
                0x000000002000038b                __lock___tz_mutex
                0x000000002000038c                __lock___sfp_recursive_mutex
 *fill*         0x000000002000038d        0x3 
 COMMON         0x0000000020000390        0x4 c:/st/stm32cubeide_1.7.0/stm32cubeide/plugins/com.st.stm32cube.ide.mcu.externaltools.gnu-tools-for-stm32.9-2020-q2-update.win32_2.0.0.202105311346/tools/bin/../lib/gcc/arm-none-eabi/9.3.1/../../../../arm-none-eabi/lib/thumb/v7e-m+fp/hard\libc_nano.a(lib_a-reent.o)
                0x0000000020000390                errno
                0x0000000020000394                . = ALIGN (0x4)
                0x0000000020000394                _ebss = .
                0x0000000020000394                __bss_end__ = _ebss

._user_heap_stack
                0x0000000020000394      0x604
                0x0000000020000398                . = ALIGN (0x8)
 *fill*         0x0000000020000394        0x4 
                [!provide]                        PROVIDE (end = .)
                0x0000000020000398                PROVIDE (_end = .)
                0x0000000020000598                . = (. + _Min_Heap_Size)
 *fill*         0x0000000020000398      0x200 
                0x0000000020000998                . = (. + _Min_Stack_Size)
 *fill*         0x0000000020000598      0x400 
                0x0000000020000998                . = ALIGN (0x8)

/DISCARD/
 libc.a(*)
 libm.a(*)
 libgcc.a(*)

.ARM.attributes
                0x0000000000000000       0x30
 *(.ARM.attributes)
 .ARM.attributes
                0x0000000000000000       0x1e c:/st/stm32cubeide_1.7.0/stm32cubeide/plugins/com.st.stm32cube.ide.mcu.externaltools.gnu-tools-for-stm32.9-2020-q2-update.win32_2.0.0.202105311346/tools/bin/../lib/gcc/arm-none-eabi/9.3.1/thumb/v7e-m+fp/hard/crti.o
 .ARM.attributes
                0x000000000000001e       0x34 c:/st/stm32cubeide_1.7.0/stm32cubeide/plugins/com.st.stm32cube.ide.mcu.externaltools.gnu-tools-for-stm32.9-2020-q2-update.win32_2.0.0.202105311346/tools/bin/../lib/gcc/arm-none-eabi/9.3.1/thumb/v7e-m+fp/hard/crtbegin.o
 .ARM.attributes
                0x0000000000000052       0x34 ./Core/Src/lfs.o
 .ARM.attributes
                0x0000000000000086       0x34 ./Core/Src/lfs_util.o
 .ARM.attributes
                0x00000000000000ba       0x34 ./Core/Src/main.o
 .ARM.attributes
                0x00000000000000ee       0x34 ./Core/Src/nor.o
 .ARM.attributes
                0x0000000000000122       0x34 ./Core/Src/nor_ids.o
 .ARM.attributes
                0x0000000000000156       0x34 ./Core/Src/stm32f4xx_hal_msp.o
 .ARM.attributes
                0x000000000000018a       0x34 ./Core/Src/stm32f4xx_it.o
 .ARM.attributes
                0x00000000000001be       0x34 ./Core/Src/syscalls.o
 .ARM.attributes
                0x00000000000001f2       0x34 ./Core/Src/sysmem.o
 .ARM.attributes
                0x0000000000000226       0x34 ./Core/Src/system_stm32f4xx.o
 .ARM.attributes
                0x000000000000025a       0x21 ./Core/Startup/startup_stm32f427aihx.o
 .ARM.attributes
                0x000000000000027b       0x34 ./Drivers/STM32F4xx_HAL_Driver/Src/stm32f4xx_hal.o
 .ARM.attributes
                0x00000000000002af       0x34 ./Drivers/STM32F4xx_HAL_Driver/Src/stm32f4xx_hal_cortex.o
 .ARM.attributes
                0x00000000000002e3       0x34 ./Drivers/STM32F4xx_HAL_Driver/Src/stm32f4xx_hal_dma.o
 .ARM.attributes
                0x0000000000000317       0x34 ./Drivers/STM32F4xx_HAL_Driver/Src/stm32f4xx_hal_gpio.o
 .ARM.attributes
                0x000000000000034b       0x34 ./Drivers/STM32F4xx_HAL_Driver/Src/stm32f4xx_hal_pwr_ex.o
 .ARM.attributes
                0x000000000000037f       0x34 ./Drivers/STM32F4xx_HAL_Driver/Src/stm32f4xx_hal_rcc.o
 .ARM.attributes
                0x00000000000003b3       0x34 ./Drivers/STM32F4xx_HAL_Driver/Src/stm32f4xx_hal_spi.o
 .ARM.attributes
                0x00000000000003e7       0x34 ./Drivers/STM32F4xx_HAL_Driver/Src/stm32f4xx_hal_uart.o
 .ARM.attributes
                0x000000000000041b       0x34 c:/st/stm32cubeide_1.7.0/stm32cubeide/plugins/com.st.stm32cube.ide.mcu.externaltools.gnu-tools-for-stm32.9-2020-q2-update.win32_2.0.0.202105311346/tools/bin/../lib/gcc/arm-none-eabi/9.3.1/../../../../arm-none-eabi/lib/thumb/v7e-m+fp/hard\libc_nano.a(lib_a-assert.o)
 .ARM.attributes
                0x000000000000044f       0x34 c:/st/stm32cubeide_1.7.0/stm32cubeide/plugins/com.st.stm32cube.ide.mcu.externaltools.gnu-tools-for-stm32.9-2020-q2-update.win32_2.0.0.202105311346/tools/bin/../lib/gcc/arm-none-eabi/9.3.1/../../../../arm-none-eabi/lib/thumb/v7e-m+fp/hard\libc_nano.a(lib_a-errno.o)
 .ARM.attributes
                0x0000000000000483       0x34 c:/st/stm32cubeide_1.7.0/stm32cubeide/plugins/com.st.stm32cube.ide.mcu.externaltools.gnu-tools-for-stm32.9-2020-q2-update.win32_2.0.0.202105311346/tools/bin/../lib/gcc/arm-none-eabi/9.3.1/../../../../arm-none-eabi/lib/thumb/v7e-m+fp/hard\libc_nano.a(lib_a-fprintf.o)
 .ARM.attributes
                0x00000000000004b7       0x32 c:/st/stm32cubeide_1.7.0/stm32cubeide/plugins/com.st.stm32cube.ide.mcu.externaltools.gnu-tools-for-stm32.9-2020-q2-update.win32_2.0.0.202105311346/tools/bin/../lib/gcc/arm-none-eabi/9.3.1/../../../../arm-none-eabi/lib/thumb/v7e-m+fp/hard\libc_nano.a(lib_a-impure.o)
 .ARM.attributes
                0x00000000000004e9       0x34 c:/st/stm32cubeide_1.7.0/stm32cubeide/plugins/com.st.stm32cube.ide.mcu.externaltools.gnu-tools-for-stm32.9-2020-q2-update.win32_2.0.0.202105311346/tools/bin/../lib/gcc/arm-none-eabi/9.3.1/../../../../arm-none-eabi/lib/thumb/v7e-m+fp/hard\libc_nano.a(lib_a-init.o)
 .ARM.attributes
                0x000000000000051d       0x34 c:/st/stm32cubeide_1.7.0/stm32cubeide/plugins/com.st.stm32cube.ide.mcu.externaltools.gnu-tools-for-stm32.9-2020-q2-update.win32_2.0.0.202105311346/tools/bin/../lib/gcc/arm-none-eabi/9.3.1/../../../../arm-none-eabi/lib/thumb/v7e-m+fp/hard\libc_nano.a(lib_a-malloc.o)
 .ARM.attributes
                0x0000000000000551       0x34 c:/st/stm32cubeide_1.7.0/stm32cubeide/plugins/com.st.stm32cube.ide.mcu.externaltools.gnu-tools-for-stm32.9-2020-q2-update.win32_2.0.0.202105311346/tools/bin/../lib/gcc/arm-none-eabi/9.3.1/../../../../arm-none-eabi/lib/thumb/v7e-m+fp/hard\libc_nano.a(lib_a-memcmp.o)
 .ARM.attributes
                0x0000000000000585       0x34 c:/st/stm32cubeide_1.7.0/stm32cubeide/plugins/com.st.stm32cube.ide.mcu.externaltools.gnu-tools-for-stm32.9-2020-q2-update.win32_2.0.0.202105311346/tools/bin/../lib/gcc/arm-none-eabi/9.3.1/../../../../arm-none-eabi/lib/thumb/v7e-m+fp/hard\libc_nano.a(lib_a-memcpy-stub.o)
 .ARM.attributes
                0x00000000000005b9       0x34 c:/st/stm32cubeide_1.7.0/stm32cubeide/plugins/com.st.stm32cube.ide.mcu.externaltools.gnu-tools-for-stm32.9-2020-q2-update.win32_2.0.0.202105311346/tools/bin/../lib/gcc/arm-none-eabi/9.3.1/../../../../arm-none-eabi/lib/thumb/v7e-m+fp/hard\libc_nano.a(lib_a-memset.o)
 .ARM.attributes
                0x00000000000005ed       0x34 c:/st/stm32cubeide_1.7.0/stm32cubeide/plugins/com.st.stm32cube.ide.mcu.externaltools.gnu-tools-for-stm32.9-2020-q2-update.win32_2.0.0.202105311346/tools/bin/../lib/gcc/arm-none-eabi/9.3.1/../../../../arm-none-eabi/lib/thumb/v7e-m+fp/hard\libc_nano.a(lib_a-nano-freer.o)
 .ARM.attributes
                0x0000000000000621       0x34 c:/st/stm32cubeide_1.7.0/stm32cubeide/plugins/com.st.stm32cube.ide.mcu.externaltools.gnu-tools-for-stm32.9-2020-q2-update.win32_2.0.0.202105311346/tools/bin/../lib/gcc/arm-none-eabi/9.3.1/../../../../arm-none-eabi/lib/thumb/v7e-m+fp/hard\libc_nano.a(lib_a-nano-mallocr.o)
 .ARM.attributes
                0x0000000000000655       0x34 c:/st/stm32cubeide_1.7.0/stm32cubeide/plugins/com.st.stm32cube.ide.mcu.externaltools.gnu-tools-for-stm32.9-2020-q2-update.win32_2.0.0.202105311346/tools/bin/../lib/gcc/arm-none-eabi/9.3.1/../../../../arm-none-eabi/lib/thumb/v7e-m+fp/hard\libc_nano.a(lib_a-nano-vfprintf.o)
 .ARM.attributes
                0x0000000000000689       0x34 c:/st/stm32cubeide_1.7.0/stm32cubeide/plugins/com.st.stm32cube.ide.mcu.externaltools.gnu-tools-for-stm32.9-2020-q2-update.win32_2.0.0.202105311346/tools/bin/../lib/gcc/arm-none-eabi/9.3.1/../../../../arm-none-eabi/lib/thumb/v7e-m+fp/hard\libc_nano.a(lib_a-nano-vfprintf_i.o)
 .ARM.attributes
                0x00000000000006bd       0x34 c:/st/stm32cubeide_1.7.0/stm32cubeide/plugins/com.st.stm32cube.ide.mcu.externaltools.gnu-tools-for-stm32.9-2020-q2-update.win32_2.0.0.202105311346/tools/bin/../lib/gcc/arm-none-eabi/9.3.1/../../../../arm-none-eabi/lib/thumb/v7e-m+fp/hard\libc_nano.a(lib_a-printf.o)
 .ARM.attributes
                0x00000000000006f1       0x34 c:/st/stm32cubeide_1.7.0/stm32cubeide/plugins/com.st.stm32cube.ide.mcu.externaltools.gnu-tools-for-stm32.9-2020-q2-update.win32_2.0.0.202105311346/tools/bin/../lib/gcc/arm-none-eabi/9.3.1/../../../../arm-none-eabi/lib/thumb/v7e-m+fp/hard\libc_nano.a(lib_a-sbrkr.o)
 .ARM.attributes