main.c:90:6:HAL_SPI_TxCpltCallback	16	static
main.c:94:6:HAL_SPI_RxCpltCallback	16	static
main.c:98:6:nor_delay_us	16	static
main.c:109:6:nor_cs_assert	8	static
main.c:113:6:nor_cs_deassert	8	static
main.c:117:6:nor_spi_tx	16	static
main.c:124:6:nor_spi_rx	16	static
main.c:132:6:__init_nor	8	static
main.c:146:5:_fs_read	32	static
main.c:156:5:_fs_write	32	static
main.c:166:5:_fs_erase	16	static
main.c:174:5:_fs_sync	16	static
main.c:178:6:__init_littefs	16	static
main.c:207:6:__init_storage	8	static
main.c:217:5:main	8	static
main.c:304:6:SystemClock_Config	88	static
main.c:354:13:MX_SPI3_Init	8	static
main.c:392:13:MX_UART7_Init	8	static
main.c:423:13:MX_DMA_Init	16	static
main.c:444:13:MX_GPIO_Init	56	static
main.c:469:6:myprintf	112	static
main.c:478:5:bufferSize	24	static
main.c:490:6:Error_Handler	4	static,ignoring_inline_asm
